******************************************************************************
             TMS470 COFF Linker PC v4.1.4                      
******************************************************************************
>> Linked Wed Apr 09 18:45:08 2014

OUTPUT FILE NAME:   <../../../OUT/UhvNar.out>
ENTRY POINT SYMBOL: "_c_int00"  address: 0008bc14


MEMORY CONFIGURATION

                  name            origin    length      used    attr    fill
         ----------------------  --------  ---------  --------  ----  --------
         VECTORS1                00000000   00000020  00000020     X
         ADLATUS                 00000020   00007fd0  00000000  R IX
         VECTORS2                00008000   00000024  00000020     X
         ROM                     00008024   00097cda  0008d37e  R  X
         KOMBI_TEXT_ROM          0009fcfe   000200ff  0002004c  R  X
         CHKS2                   000bfffc   00000004  00000004  R     12345678
         FLASH_REQ               00400000   00000004  00000004  RW  
         RAM                     00400004   0000bffc  0000bbfe  RW  
         HETPROG                 00800000   00000600  00000000  RW  
         MPU                     ffe84000   00000024  00000000  RW  
         PROGRAM_FLASH           ffe88000   00004000  00000000  RW  
         HECC3                   fff7d000   00000200  00000000  RW  
         HECCRAM3                fff7d200   00000200  00000000  RW  
         SPI2                    fff7d400   00000100  00000000  RW  
         SPI3                    fff7d500   00000100  00000000  RW  
         SPI4                    fff7d600   00000100  00000000  RW  
         SPI5                    fff7d700   00000100  00000000  RW  
         HECCRAM1                fff7e400   00000200  00000000  RW  
         HECCRAM2                fff7e600   00000200  00000000  RW  
         HECC1                   fff7e800   00000200  00000000  RW  
         HECC2                   fff7ea00   00000200  00000000  RW  
         GIO                     fff7ec00   00000100  00000000  RW  
         ECP                     fff7ef00   00000100  00000000  RW  
         ADC1                    fff7f000   00000100  00000000  RW  
         SCI1                    fff7f400   00000100  00000000  RW  
         SCI2                    fff7f500   00000100  00000000  RW  
         SPI1                    fff7f800   00000100  00000000  RW  
         HET                     fff7fc00   00000100  00000000  RW  
         DMACP                   fffff800   00000200  00000000  RW  
         IEM                     fffffc00   00000100  00000000  RW  
         MMC                     fffffd00   00000080  00000000  RW  
         DEC                     fffffe00   00000080  00000000  RW  
         DMA                     fffffe80   00000080  00000000  RW  
         RTI                     ffffff00   00000020  00000000  RW  
         CIM                     ffffff20   00000020  00000000  RW  
         PSA                     ffffff40   00000020  00000000  RW  
         SYS                     ffffffd0   00000030  00000000  RW  


SECTION ALLOCATION MAP

 output                                  attributes/
section   page    origin      length       input sections
--------  ----  ----------  ----------   ----------------
.HECC3     0    fff7d000    00000000     UNINITIALIZED

.HECCRAM3 
*          0    fff7d200    00000000     UNINITIALIZED

.SPI2      0    fff7d400    00000000     UNINITIALIZED

.SPI3      0    fff7d500    00000000     UNINITIALIZED

.SPI4      0    fff7d600    00000000     UNINITIALIZED

.SPI5      0    fff7d700    00000000     UNINITIALIZED

.HECCRAM1 
*          0    fff7e400    00000000     UNINITIALIZED

.HECCRAM2 
*          0    fff7e600    00000000     UNINITIALIZED

.HECC1     0    fff7e800    00000000     UNINITIALIZED

.HECC2     0    fff7ea00    00000000     UNINITIALIZED

.GIO       0    fff7ec00    00000000     UNINITIALIZED

.ADC1      0    fff7f000    00000000     UNINITIALIZED

.SCI1      0    fff7f400    00000000     UNINITIALIZED

.SCI2      0    fff7f500    00000000     UNINITIALIZED

.SPI1      0    fff7f800    00000000     UNINITIALIZED

.HET       0    fff7fc00    00000000     UNINITIALIZED

.DMACP     0    fffff800    00000000     UNINITIALIZED

.MMC       0    fffffd00    00000000     UNINITIALIZED

.DEC       0    fffffe00    00000000     UNINITIALIZED

.DMA       0    fffffe80    00000000     UNINITIALIZED

.RTI       0    ffffff00    00000000     UNINITIALIZED

.CIM       0    ffffff20    00000000     UNINITIALIZED

.SYS       0    ffffffd0    00000000     UNINITIALIZED

.data      0    00000000    00000000     UNINITIALIZED

.vectors   0    00000000    00000020     
                  00000000    00000020     vectors.obj (.vectors)

.intvecs   0    00008000    00000000     UNINITIALIZED

.reset     0    00008000    00000004     
                  00008000    00000004     Startup.obj (.reset)

.osarmvect 
*          0    00008004    0000001c     
                  00008004    0000001c     intvect.obj (.osarmvect)

.startup   0    00008030    00000000     UNINITIALIZED

.osvtable 
*          0    00008080    000000a4     
                  00008080    000000a4     intvect.obj (.osvtable)

.text      0    00008124    000859dc     
                  00008124    00019d78     MOD_APP_SD.lib : APP_SD_C1.obj (.text)
                  00021e9c    00009918                    : APP_SD_FrameBuilder_C1.obj (.text)
                  0002b7b4    00004754     MOD_ERM.lib : ERM.obj (.text)
                  0002ff08    000043b0     MOD_AT_Parser.lib : ATParser_Utils.obj (.text)
                  000342b8    00003630     MOD_ERM.lib : ERM_DeviceHandler.obj (.text)
                  000378e8    0000362c     MOD_AT_Parser.lib : ATParser.obj (.text)
                  0003af14    000033d0     MOD_VCR.lib : VCR_Utils.obj (.text)
                  0003e2e4    000026b4                 : VCR_MessageHandler.obj (.text)
                  00040998    00002548     MOD_KPB.lib : KPB_C1.obj (.text)
                  00042ee0    00002454     MOD_ERM.lib : ERM_MessageHandler.obj (.text)
                  00045334    000023ec     MOD_APP_DEVICE.lib : APP_DEVICE_Profiles_C1.obj (.text)
                  00047720    00002388     STD_DEH.lib : deh.obj (.text)
                  00049aa8    00002260     MOD_VCR.lib : VCR_StateHandler_PHONE.obj (.text)
                  0004bd08    00002178                 : VCR_StateHandler_PHONEBOOK.obj (.text)
                  0004de80    00001fcc     MOD_APP_DTC.lib : APP_DTC_C1.obj (.text)
                  0004fe4c    00001ad0     MOD_CONTEXT_MAN.lib : CONTEXT_MAN_C1.obj (.text)
                  0005191c    00001acc     MOD_APP_PHONEBOOK_BAP.lib : APP_PHONEBOOK_BAP_REQUEST_C1.obj (.text)
                  000533e8    00001ab8     MOD_APP_DEVICE.lib : APP_DEVICE_Connection_C1.obj (.text)
                  00054ea0    00001a78     MOD_APP_DIAG.lib : APP_DIAG_C1.obj (.text)
                  00056918    00001a58     MOD_AT_Cmd_Handler.lib : ATCmdHandler.obj (.text)
                  00058370    00001a4c     MOD_APP_PHONE.lib : APP_PHONE_C1.obj (.text)
                  00059dbc    000016e4     MOD_APP_PHONEBOOK.lib : APP_PHONEBOOK_C1.obj (.text)
                  0005b4a0    0000163c     rts32tiabi.lib : _printfi.obj (.text)
                  0005cadc    00001608     MOD_VCR.lib : VCR.obj (.text)
                  0005e0e4    000015c8     MOD_CSHDL.lib : CSHDL_c1.obj (.text)
                  0005f6ac    000015c0     MOD_APP_PHONE_BAP.lib : APP_PHONE_BAP_REQUEST_C1.obj (.text)
                  00060c6c    00001558     MOD_APP_CAN.lib : APP_CAN_C1.obj (.text)
                  000621c4    00001478     MOD_VCR.lib : VCR_StateHandler.obj (.text)
                  0006363c    0000138c     MOD_APP_PHONE_BAP.lib : APP_PHONE_BAP_INDICATION_C1.obj (.text)
                  000649c8    000011b8     MOD_APP_MDI_BAP.lib : APP_MDI_BAP_C1.obj (.text)
                  00065b80    000010f0     MOD_BAP.lib : bap_bclcan.obj (.text)
                  00066c70    000010bc     MOD_APP_MDI.lib : APP_MDI_C1.obj (.text)
                  00067d2c    00000ec4     MOD_CAN_ST.lib : can_drv.obj (.text)
                  00068bf0    00000e4c     MOD_SDS_UDS.lib : SDS_UDS_Service2E_C1.obj (.text)
                  00069a3c    00000e34     STD_NM.lib : n_vnm.obj (.text)
                  0006a870    00000e30     MOD_APP_PHONEBOOK.lib : APP_PHONEBOOK_AT_C1.obj (.text)
                  0006b6a0    00000d00     MOD_APP_PHONE.lib : APP_PHONE_AT_PNCC_C1.obj (.text)
                  0006c3a0    00000cb8     MOD_SDS_UDS.lib : sds_ext.obj (.text)
                  0006d058    00000ca0     MOD_KPB.lib : KPB_BAP_C1.obj (.text)
                  0006dcf8    00000c7c     MOD_SDS_UDS.lib : SDS_UDS_Service22_C1.obj (.text)
                  0006e974    00000bf8     MOD_APP_PHONEBOOK_BAP.lib : APP_PHONEBOOK_BAP_C1.obj (.text)
                  0006f56c    00000bb8     MOD_ASR.lib : ASR_C1.obj (.text)
                  00070124    00000b88     MOD_ERM.lib : ERM_AudioSets.obj (.text)
                  00070cac    00000b54     MOD_APP_SMS.lib : APP_SMS_C1.obj (.text)
                  00071800    00000a9c     MOD_AT_Cmd_Handler.lib : ATCmdHandler_VCR.obj (.text)
                  0007229c    00000a84     MOD_APP_MDI.lib : APP_MDI_AT_C1.obj (.text)
                  00072d20    00000a6c     MOD_UART.lib : UART_C1.obj (.text)
                  0007378c    00000a24     MOD_VCR.lib : VCR_StateHandler_SETTINGS.obj (.text)
                  000741b0    00000a14     MOD_BAP_Dispatcher.lib : BAP_Dispatcher_C1.obj (.text)
                  00074bc4    000009f8     MOD_APP_PHONE.lib : APP_PHONE_ERM_C1.obj (.text)
                  000755bc    00000920     MOD_APP_DEVICE.lib : APP_DEVICE_C1.obj (.text)
                  00075edc    000008d4     MOD_BAP.lib : bap_bal.obj (.text)
                  000767b0    000008ac     MOD_TRACE.lib : TRACE_c1.obj (.text)
                  0007705c    00000858     MOD_APP_SD.lib : APP_SD_ListCtrl_C1.obj (.text)
                  000778b4    00000800     STD_ISOTP.lib : tp.obj (.text)
                  000780b4    000007e4     MOD_OSEK_ST.lib : osek.obj (.text)
                  00078898    000007d8     MOD_SDS_UDS.lib : SDS_UDS_Service2F_C1.obj (.text)
                  00079070    000007b8                     : SDS_UDS_Service_DataDownload_C1.obj (.text)
                  00079828    00000790     MOD_EEPROM_LAYOUT.lib : EEPROM_Layout_C1.obj (.text)
                  00079fb8    00000790     MOD_APP_PHONEBOOK_BAP.lib : APP_PHONEBOOK_BAP_AT_C1.obj (.text)
                  0007a748    00000780     MOD_APP_DEVICE.lib : APP_DEVICE_AudioManager_C1.obj (.text)
                  0007aec8    000006f0     MOD_LOGI_BUT_MAN.lib : LOGI_BUT_MAN_C1.obj (.text)
                  0007b5b8    000006d4     MOD_BAP_Dispatcher.lib : BAP_Dispatcher_InitSendBuffer.obj (.text)
                  0007bc8c    000006ac     MOD_APP_PHONE_BAP.lib : APP_PHONE_BAP_C1.obj (.text)
                  0007c338    000006a8     MOD_APP_DEVICE.lib : APP_DEVICE_E2P_Backup_R2FS_C1.obj (.text)
                  0007c9e0    0000069c     MOD_OSEK_ST.lib : osektask.obj (.text)
                  0007d07c    00000688     MOD_PHY_BUT_DRV.lib : PHY_BUT_DRV_PL_CRADLE.obj (.text)
                  0007d704    0000063c     MOD_APP_SD.lib : APP_SD_SpellerCtrl_C1.obj (.text)
                  0007dd40    00000624     MOD_NM.lib : NM_CB.obj (.text)
                  0007e364    0000061c     MOD_APP_COMMON.lib : APP_COMMON_Utils_C1.obj (.text)
                  0007e980    00000618     MOD_MONITOR_ADC.lib : MONITOR_ADC_C1.obj (.text)
                  0007ef98    000005e0     MOD_BAP.lib : bap_bcl.obj (.text)
                  0007f578    00000560     MOD_CRC.lib : Crcmgr_C1.obj (.text)
                  0007fad8    00000554     MOD_APP_DEVICE.lib : APP_DEVICE_ERM_C1.obj (.text)
                  0008002c    00000544     MOD_OSEK_ST.lib : osekcom.obj (.text)
                  00080570    00000544     MOD_AT_Cmd_Handler.lib : ATCmdHandler_MDI.obj (.text)
                  00080ab4    00000544     MOD_POOL.lib : POOL_C1.obj (.text)
                  00080ff8    00000544     MOD_SDS_UDS.lib : SDS_UDS_Service31_C1.obj (.text)
                  0008153c    00000510     MOD_BAP.lib : bap_balutil.obj (.text)
                  00081a4c    0000050c     STD_UDS.lib : uds.obj (.text)
                  00081f58    00000508     MOD_AT_Cmd_Handler.lib : ATCmdHandler_PhoneBook.obj (.text)
                  00082460    000004fc     MOD_OSEK_ST.lib : osekevnt.obj (.text)
                  0008295c    000004f4     MOD_AT_Cmd_Handler.lib : ATCmdHandler_Phone.obj (.text)
                  00082e50    00000474     MOD_APP_MDI.lib : APP_MDI_StateHandler.obj (.text)
                  000832c4    00000470                     : APP_MDI_ERM_C1.obj (.text)
                  00083734    00000464     MOD_APP_PHONE.lib : APP_PHONE_AT_Request_Builder_C1.obj (.text)
                  00083b98    00000454     MOD_BAP.lib : bap_bpl.obj (.text)
                  00083fec    00000438     MOD_OSEK_ST.lib : osekalrm.obj (.text)
                  00084424    00000434     MOD_EEPROM.lib : EEPROM_C1.obj (.text)
                  00084858    00000434     MOD_EEPROM_LAYOUT_CFG.lib : EEPROM_Layout_Cfg_C1.obj (.text)
                  00084c8c    00000420     MOD_OSEK_ST.lib : osektime.obj (.text)
                  000850ac    00000418     MOD_DEH.lib : deh_cfg.obj (.text)
                  000854c4    000003d0     MOD_MFL_MGR.lib : MFL_MGR_C1.obj (.text)
                  00085894    00000394     MOD_AT_Cmd_Handler.lib : ATCmdHandler_Sms.obj (.text)
                  00085c28    00000378     MOD_BAP_Dispatcher.lib : BAP_Dispatcher_Ack.obj (.text)
                  00085fa0    00000374     MOD_APP_PHONE.lib : APP_PHONE_AT_C1.obj (.text)
                  00086314    00000370     MOD_SDS_UDS.lib : SDS_UDS_Service_SecurityCheck_C1.obj (.text)
                  00086684    00000358     MOD_APP_COMMON.lib : APP_COMMON_BAP_ARRAY_C1.obj (.text)
                  000869dc    0000034c     MOD_OSEK_ST.lib : osekrsrc.obj (.text)
                  00086d28    00000318     MOD_VCR.lib : VCR_StateHandler_VOICEMEMO.obj (.text)
                  00087040    00000314     MOD_OSEK_ST.lib : osekasm.obj (.text)
                  00087354    00000310     MOD_POWERMANAGER.lib : Pwrmgr_C1.obj (.text)
                  00087664    000002ec     MOD_APP_CSHDL.lib : APP_CSHDL_C1.obj (.text)
                  00087950    000002e8     MOD_UART.lib : UART_PL_C1.obj (.text)
                  00087c38    000002a8     MOD_EEPROM_LAYOUT.lib : EEPROM_LAYOUT_RamMirror_C1.obj (.text)
                  00087ee0    0000029c     MOD_PORT.lib : PORT_C1.obj (.text)
                  0008817c    0000029c     MOD_SPI.lib : SPI_C1.obj (.text)
                  00088418    00000298     MOD_APP_PHONE.lib : APP_PHONE_CAN_DATA_C1.obj (.text)
                  000886b0    0000028c     rts32tiabi.lib : ull_div32.obj (.text)
                  0008893c    00000274     SYS_OSEK_INTERFACE.lib : OSEK_AppTask_C1.obj (.text)
                  00088bb0    00000238     MOD_SDS_UDS.lib : SDS_UDS_StartUp_C1.obj (.text)
                  00088de8    00000238     MOD_BAP.lib : bap_bclutil.obj (.text)
                  00089020    00000224     MOD_APP_SMS.lib : APP_SMS_Requests_C1.obj (.text)
                  00089244    00000220     MOD_SDS_UDS.lib : SDS_UDS_Service_DTC_C1.obj (.text)
                  00089464    00000214     rts32tiabi.lib : fd_add32.obj (.text)
                  00089678    00000210     MOD_AT_Cmd_Handler.lib : ATCmdHandler_DEVICE.obj (.text)
                  00089888    000001fc     MOD_GIO.lib : GIO_PL_C1.obj (.text)
                  00089a84    000001f0     MOD_APP_DEVICE.lib : APP_DEVICE_AT_C1.obj (.text)
                  00089c74    000001e0     MOD_APP_PHONEBOOK.lib : APP_PHONEBOOK_ERM_C1.obj (.text)
                  00089e54    000001dc     SYS_OSEK_INTERFACE.lib : OSEK_HostTask_C1.obj (.text)
                  0008a030    000001dc     MOD_SDS_UDS.lib : SDS_UDS_CB_C1.obj (.text)
                  0008a20c    000001d4     MOD_ERM.lib : ERM_Utils.obj (.text)
                  0008a3e0    000001b4     rts32tiabi.lib : strtoul.obj (.text)
                  0008a594    000001a8     MOD_SDS_UDS.lib : SDS_UDS_ReadWriteEEProm_C1.obj (.text)
                  0008a73c    00000194     MOD_ADC.lib : ADC_PL_C1.obj (.text)
                  0008a8d0    00000190     rts32tiabi.lib : fd_div32.obj (.text)
                  0008aa60    00000184     intvect.obj (.text)
                  0008abe4    00000180     rts32tiabi.lib : memcpy32.obj (.text)
                  0008ad64    00000178     MOD_VCR.lib : VCR_StateHandler_MDI.obj (.text)
                  0008aedc    00000178     MOD_SYS_INIT.lib : SYS_INIT_C.obj (.text)
                  0008b054    00000170     MOD_FBL_DATA.lib : FBL_Data_C1.obj (.text)
                  0008b1c4    00000168     MOD_SPI.lib : SPI_PL_C1.obj (.text)
                  0008b32c    00000154     SYS_OSEK_INTERFACE.lib : OSEK_HookFunctions_C1.obj (.text)
                  0008b480    00000154     SYS_CALLBACK.lib : CAN_CB.obj (.text)
                  0008b5d4    00000148     STD_SDS_UDS.lib : sds.obj (.text)
                  0008b71c    00000144     MOD_BAP.lib : bap_debug.obj (.text)
                  0008b860    00000144     MOD_UDS.lib : uds_appl.obj (.text)
                  0008b9a4    00000138     MOD_OSEK_DYN.lib : OSEK_TaskHandler_C1.obj (.text)
                  0008badc    00000138     MOD_BAP.lib : bap_bplutil.obj (.text)
                  0008bc14    00000130     Startup.obj (.text)
                  0008bd44    00000130     MOD_PHY_BUT_DRV.lib : PHY_BUT_DRV_PL_3BM.obj (.text)
                  0008be74    00000128     SYS_OSEK_INTERFACE.lib : OSEK_AppTask_Alarm.obj (.text)
                  0008bf9c    00000128     rts32tiabi.lib : fd_mul32.obj (.text)
                  0008c0c4    00000128     MOD_PHY_BUT_DRV.lib : PHY_BUT_DRV_PL_C1.obj (.text)
                  0008c1ec    00000118     MOD_ADC.lib : ADC_C1.obj (.text)
                  0008c304    00000104     SYS_OSEK_INTERFACE.lib : OSEK_MonitorTask_C1.obj (.text)
                  0008c408    00000100     MOD_APP_SMS.lib : APP_SMS_ERM_C1.obj (.text)
                  0008c508    00000100     rts32tiabi.lib : i_div32.obj (.text)
                  0008c608    000000fc     MOD_OSEK_DYN.lib : tcb.obj (.text)
                  0008c704    000000fc     rts32tiabi.lib : snprintf.obj (.text)
                  0008c800    000000f8     MOD_BAP.lib : bap_bclcan_vector_TMS470struct.obj (.text)
                  0008c8f8    000000f4     MOD_APP_COMMON.lib : APP_COMMON_AT_Dispatcher_C1.obj (.text)
                  0008c9ec    000000f4     MOD_EEPROM.lib : EEPROM_PL_SPI_C1.obj (.text)
                  0008cae0    000000e0     rts32tiabi.lib : u_div32.obj (.text)
                  0008cbc0    000000e0     MOD_BAP.lib : bap_util.obj (.text)
                  0008cca0    000000d8     MOD_APP_CAN.lib : APP_CAN_Speed_C1.obj (.text)
                  0008cd78    000000cc     MOD_OSEK_ST.lib : osekerr.obj (.text)
                  0008ce44    000000c8                     : osekint.obj (.text)
                  0008cf0c    000000c0     rts32tiabi.lib : fd_cmp32.obj (.text)
                  0008cfcc    000000b4     MOD_TEMPERATURE.lib : TEMPERATURE_C1.obj (.text)
                  0008d080    000000a4     rts32tiabi.lib : memset32.obj (.text)
                  0008d124    000000a0     SYS_OSEK_INTERFACE.lib : OSEK_DatabaseTask_C1.obj (.text)
                  0008d1c4    0000009c     rts32tiabi.lib : sprintf.obj (.text)
                  0008d260    0000008c     SYS_OSEK_INTERFACE.lib : OSEK_Utils.obj (.text)
                  0008d2ec    00000088     MOD_AT_Cmd_Handler.lib : ATCmdHandler_Utils.obj (.text)
                  0008d374    00000084     rts32tiabi.lib : atoi.obj (.text)
                  0008d3f8    00000084                    : ltoa.obj (.text)
                  0008d47c    00000084     MOD_KPB.lib : KPB_Alarm_C1.obj (.text)
                  0008d500    00000084     MOD_OSEK_DYN.lib : msg.obj (.text)
                  0008d584    00000078     SYS_OSEK_INTERFACE.lib : OSEK_DriverTaskCyclic_C1.obj (.text)
                  0008d5fc    00000070     MOD_PHY_BUT_DRV.lib : PHY_BUT_DRV_C1.obj (.text)
                  0008d66c    00000064     MOD_LOGI_BUT_MAN.lib : LOGI_BUT_MAN_CRADLE.obj (.text)
                  0008d6d0    0000005c                          : LOGI_BUT_MAN_3BM.obj (.text)
                  0008d72c    0000005c     rts32tiabi.lib : fd_toi32.obj (.text)
                  0008d788    00000050     SYS_OSEK_INTERFACE.lib : OSEK_SystemTask_C1.obj (.text)
                  0008d7d8    00000050     MOD_WD.lib : WD_c1.obj (.text)
                  0008d828    0000004c     MOD_CRC.lib : Crc_C1.obj (.text)
                  0008d874    0000004c     SYS_CALLBACK.lib : ISRMask_CB.obj (.text)
                  0008d8c0    00000048     rts32tiabi.lib : strncpy.obj (.text)
                  0008d908    0000003c                    : i_tofd32.obj (.text)
                  0008d944    00000038                    : strncmp.obj (.text)
                  0008d97c    00000034                    : memcmp.obj (.text)
                  0008d9b0    00000030     MOD_BAP.lib : bap_controller.obj (.text)
                  0008d9e0    0000002c     rts32tiabi.lib : strrchr.obj (.text)
                  0008da0c    0000002c                    : strcmp.obj (.text)
                  0008da38    00000028                    : strchr.obj (.text)
                  0008da60    00000028                    : memccpy.obj (.text)
                  0008da88    00000020                    : icall32.obj (.text)
                  0008daa8    0000001c     STD_NM.lib : onmxvag.obj (.text)
                  0008dac4    0000001c     rts32tiabi.lib : strlen.obj (.text)
                  0008dae0    00000014     MOD_OSEK_DYN.lib : OSEK_MsgHandler_C1.obj (.text)
                  0008daf4    00000008     MOD_CAN_ST.lib : can_32.obj (.text)
                  0008dafc    00000004     SYS_Main.obj (.text)

.const     0    0008db00    0000672a     
                  0008db00    00002658     MOD_BAP.lib : BAP-SW_UHVhigh_NAR_Phone_PB_MDI.obj (.const)
                  00090158    00000a64     MOD_APP_SD.lib : APP_SD_C1.obj (.const)
                  00090bbc    000004f0     MOD_OSEK_DYN.lib : tcb.obj (.const)
                  000910ac    0000048c     MOD_APP_DEVICE.lib : APP_DEVICE_E2P_Backup_R2FS_C1.obj (.const)
                  00091538    00000400     MOD_CRC.lib : Crc_C1.obj (.const)
                  00091938    000003fc     MOD_SDS_UDS.lib : SDS_UDS_Service22_C1.obj (.const)
                  00091d34    00000370     MOD_OSEK_DYN.lib : msg.obj (.const)
                  000920a4    000002cc     MOD_ERM.lib : ERM_AudioSets.obj (.const)
                  00092370    000002ac     MOD_TEMPERATURE.lib : TEMPERATURE_C1.obj (.const)
                  0009261c    000002ac     MOD_CAN_DYN.lib : UHV_NAR.obj (.const)
                  000928c8    00000296     MOD_APP_SD.lib : APP_SD_FrameBuilder_C1.obj (.const)
                  00092b5e    00000002     --HOLE-- [fill = 0]
                  00092b60    000001ec     MOD_DEH.lib : deh_cfg.obj (.const)
                  00092d4c    000001c2     MOD_AT_Cmd_Handler.lib : ATCmdHandler_Phone.obj (.const)
                  00092f0e    00000002     --HOLE-- [fill = 0]
                  00092f10    000001c2                            : ATCmdHandler.obj (.const)
                  000930d2    00000002     --HOLE-- [fill = 0]
                  000930d4    00000190                            : ATCmdHandler_DEVICE.obj (.const)
                  00093264    00000190                            : ATCmdHandler_MDI.obj (.const)
                  000933f4    00000190                            : ATCmdHandler_VCR.obj (.const)
                  00093584    00000190                            : ATCmdHandler_Sms.obj (.const)
                  00093714    00000190                            : ATCmdHandler_PhoneBook.obj (.const)
                  000938a4    0000017c     MOD_EEPROM_LAYOUT.lib : EEPROM_Layout_C1.obj (.const)
                  00093a20    0000015c     STD_UDS.lib : uds.obj (.const)
                  00093b7c    00000101     rts32tiabi.lib : ctype.obj (.const:__ctypes_)
                  00093c7d    00000003     --HOLE-- [fill = 0]
                  00093c80    000000f8     MOD_SDS_UDS.lib : SDS_UDS_Service2E_C1.obj (.const)
                  00093d78    000000c0     MOD_APP_SD.lib : APP_SD_SpellerCtrl_C1.obj (.const)
                  00093e38    000000c0     MOD_SDS_UDS.lib : SDS_UDS_Service_DTC_C1.obj (.const)
                  00093ef8    000000a8     MOD_APP_SD.lib : APP_SD_Icons.obj (.const)
                  00093fa0    00000084     MOD_CAN_ST.lib : can_drv.obj (.const)
                  00094024    00000064     MOD_BAP.lib : bap_balutil.obj (.const)
                  00094088    0000003c     MOD_SDS_UDS.lib : SDS_UDS_Service2F_C1.obj (.const)
                  000940c4    00000034     MOD_BAP_Dispatcher.lib : BAP_Dispatcher_InitSendBuffer.obj (.const)
                  000940f8    00000034     SYS_VERSION.lib : Version.obj (.const)
                  0009412c    00000030     MOD_SDS_UDS.lib : sds_ext.obj (.const)
                  0009415c    0000001e     MOD_EEPROM_LAYOUT_CFG.lib : EEPROM_Layout_Cfg_C1.obj (.const)
                  0009417a    00000002     --HOLE-- [fill = 0]
                  0009417c    0000001c     MOD_OSEK_ST.lib : osek.obj (.const)
                  00094198    00000015     MOD_BAP.lib : bap_bclcan.obj (.const)
                  000941ad    00000003     --HOLE-- [fill = 0]
                  000941b0    00000014                 : bap_bcl.obj (.const)
                  000941c4    00000011     MOD_FBL_DATA.lib : FBL_Data_C1.obj (.const)
                  000941d5    00000003     --HOLE-- [fill = 0]
                  000941d8    00000010     MOD_KPB.lib : KPB_C1.obj (.const)
                  000941e8    00000010     MOD_CRC.lib : Crcmgr_C1.obj (.const)
                  000941f8    0000000e     MOD_APP_PHONE.lib : APP_PHONE_C1.obj (.const)
                  00094206    00000002     --HOLE-- [fill = 0]
                  00094208    0000000e     MOD_APP_PHONE_BAP.lib : APP_PHONE_BAP_REQUEST_C1.obj (.const)
                  00094216    00000002     --HOLE-- [fill = 0]
                  00094218    00000004     MOD_BAP.lib : bap_bpl.obj (.const)
                  0009421c    00000004     MOD_APP_MDI_BAP.lib : APP_MDI_BAP_C1.obj (.const)
                  00094220    00000003     STD_NM.lib : onmxvag.obj (.const)
                  00094223    00000001     --HOLE-- [fill = 0]
                  00094224    00000003                : n_vnm.obj (.const)
                  00094227    00000001     --HOLE-- [fill = 0]
                  00094228    00000002     MOD_APP_DIAG.lib : APP_DIAG_C1.obj (.const)

.cinit     0    0009422c    000011d4     
                  0009422c    000002e8     MOD_BAP.lib : BAP-SW_UHVhigh_NAR_Phone_PB_MDI.obj (.cinit)
                  00094514    000001e9     MOD_ERM.lib : ERM.obj (.cinit)
                  000946fd    00000003     --HOLE-- [fill = 0]
                  00094700    000000bc     MOD_BAP_Dispatcher.lib : BAP_Dispatcher_Ack.obj (.cinit)
                  000947bc    000000a5     MOD_MONITOR_ADC.lib : MONITOR_ADC_C1.obj (.cinit)
                  00094861    00000003     --HOLE-- [fill = 0]
                  00094864    000000a5     MOD_CSHDL.lib : CSHDL_c1.obj (.cinit)
                  00094909    00000003     --HOLE-- [fill = 0]
                  0009490c    000000a4     MOD_POOL.lib : POOL_ARRAY.obj (.cinit)
                  000949b0    00000099     MOD_APP_CAN.lib : APP_CAN_C1.obj (.cinit)
                  00094a49    00000003     --HOLE-- [fill = 0]
                  00094a4c    00000075     MOD_APP_DIAG.lib : APP_DIAG_C1.obj (.cinit)
                  00094ac1    00000003     --HOLE-- [fill = 0]
                  00094ac4    00000075     MOD_SDS_UDS.lib : SDS_UDS_Service_DataDownload_C1.obj (.cinit)
                  00094b39    00000003     --HOLE-- [fill = 0]
                  00094b3c    0000006a     MOD_NM.lib : NM_CB.obj (.cinit)
                  00094ba6    00000002     --HOLE-- [fill = 0]
                  00094ba8    00000069     MOD_CRC.lib : Crcmgr_C1.obj (.cinit)
                  00094c11    00000003     --HOLE-- [fill = 0]
                  00094c14    00000069     MOD_SDS_UDS.lib : sds_ext.obj (.cinit)
                  00094c7d    00000003     --HOLE-- [fill = 0]
                  00094c80    00000061                     : SDS_UDS_Service2E_C1.obj (.cinit)
                  00094ce1    00000003     --HOLE-- [fill = 0]
                  00094ce4    00000061     MOD_ERM.lib : ERM_DeviceHandler.obj (.cinit)
                  00094d45    00000003     --HOLE-- [fill = 0]
                  00094d48    0000005d     MOD_CONTEXT_MAN.lib : CONTEXT_MAN_C1.obj (.cinit)
                  00094da5    00000003     --HOLE-- [fill = 0]
                  00094da8    00000054     MOD_POOL.lib : POOL_C1.obj (.cinit)
                  00094dfc    0000004c     MOD_EEPROM.lib : EEPROM_C1.obj (.cinit)
                  00094e48    00000046     MOD_SDS_UDS.lib : SDS_UDS_Service2F_C1.obj (.cinit)
                  00094e8e    00000002     --HOLE-- [fill = 0]
                  00094e90    00000045     MOD_APP_SD.lib : APP_SD_C1.obj (.cinit)
                  00094ed5    00000003     --HOLE-- [fill = 0]
                  00094ed8    00000045     MOD_PHY_BUT_DRV.lib : PHY_BUT_DRV_PL_CRADLE.obj (.cinit)
                  00094f1d    00000003     --HOLE-- [fill = 0]
                  00094f20    00000045     MOD_OSEK_DYN.lib : OSEK_TaskHandler_C1.obj (.cinit)
                  00094f65    00000003     --HOLE-- [fill = 0]
                  00094f68    00000045     MOD_VCR.lib : VCR_StateHandler_PHONE.obj (.cinit)
                  00094fad    00000003     --HOLE-- [fill = 0]
                  00094fb0    0000003a     MOD_POWERMANAGER.lib : Pwrmgr_C1.obj (.cinit)
                  00094fea    00000002     --HOLE-- [fill = 0]
                  00094fec    0000003a     MOD_APP_DTC.lib : APP_DTC_C1.obj (.cinit)
                  00095026    00000002     --HOLE-- [fill = 0]
                  00095028    00000039     MOD_ASR.lib : ASR_C1.obj (.cinit)
                  00095061    00000003     --HOLE-- [fill = 0]
                  00095064    00000039     MOD_VCR.lib : VCR.obj (.cinit)
                  0009509d    00000003     --HOLE-- [fill = 0]
                  000950a0    00000034     MOD_ERM.lib : ERM_AudioSets.obj (.cinit)
                  000950d4    00000030     MOD_UART.lib : UART_C1.obj (.cinit)
                  00095104    0000002e     MOD_SDS_UDS.lib : SDS_UDS_Service22_C1.obj (.cinit)
                  00095132    00000002     --HOLE-- [fill = 0]
                  00095134    0000002d     MOD_DEH.lib : deh_cfg.obj (.cinit)
                  00095161    00000003     --HOLE-- [fill = 0]
                  00095164    00000024     MOD_TRACE.lib : TRACE_c1.obj (.cinit)
                  00095188    00000021     MOD_KPB.lib : KPB_C1.obj (.cinit)
                  000951a9    00000003     --HOLE-- [fill = 0]
                  000951ac    00000021     MOD_SDS_UDS.lib : SDS_UDS_Service_SecurityCheck_C1.obj (.cinit)
                  000951cd    00000003     --HOLE-- [fill = 0]
                  000951d0    00000021     MOD_AT_Parser.lib : ATParser.obj (.cinit)
                  000951f1    00000003     --HOLE-- [fill = 0]
                  000951f4    00000019     MOD_SDS_UDS.lib : SDS_UDS_Service_DTC_C1.obj (.cinit)
                  0009520d    00000003     --HOLE-- [fill = 0]
                  00095210    00000016                     : SDS_UDS_ReadWriteEEProm_C1.obj (.cinit)
                  00095226    00000002     --HOLE-- [fill = 0]
                  00095228    00000016     MOD_VCR.lib : VCR_StateHandler.obj (.cinit)
                  0009523e    00000002     --HOLE-- [fill = 0]
                  00095240    00000016     MOD_APP_CAN.lib : APP_CAN_Speed_C1.obj (.cinit)
                  00095256    00000002     --HOLE-- [fill = 0]
                  00095258    00000015     MOD_LOGI_BUT_MAN.lib : LOGI_BUT_MAN_C1.obj (.cinit)
                  0009526d    00000003     --HOLE-- [fill = 0]
                  00095270    00000015     MOD_MFL_MGR.lib : MFL_MGR_C1.obj (.cinit)
                  00095285    00000003     --HOLE-- [fill = 0]
                  00095288    00000015     MOD_VCR.lib : VCR_StateHandler_PHONEBOOK.obj (.cinit)
                  0009529d    00000003     --HOLE-- [fill = 0]
                  000952a0    00000015     MOD_SDS_UDS.lib : SDS_UDS_Service31_C1.obj (.cinit)
                  000952b5    00000003     --HOLE-- [fill = 0]
                  000952b8    00000015     SYS_OSEK_INTERFACE.lib : OSEK_HostTask_C1.obj (.cinit)
                  000952cd    00000003     --HOLE-- [fill = 0]
                  000952d0    00000015     MOD_ADC.lib : ADC_PL_C1.obj (.cinit)
                  000952e5    00000003     --HOLE-- [fill = 0]
                  000952e8    00000015     MOD_EEPROM_LAYOUT.lib : EEPROM_Layout_C1.obj (.cinit)
                  000952fd    00000003     --HOLE-- [fill = 0]
                  00095300    0000000c     rts32tiabi.lib : errno.obj (.cinit)
                  0009530c    0000000c     SYS_OSEK_INTERFACE.lib : OSEK_MonitorTask_C1.obj (.cinit)
                  00095318    0000000c     MOD_GIO.lib : GIO_PL_C1.obj (.cinit)
                  00095324    0000000a     MOD_UDS.lib : uds_appl.obj (.cinit)
                  0009532e    00000002     --HOLE-- [fill = 0]
                  00095330    0000000a     MOD_BAP.lib : bap_bclcan.obj (.cinit)
                  0009533a    00000002     --HOLE-- [fill = 0]
                  0009533c    00000009     MOD_SYS_INIT.lib : SYS_INIT_C.obj (.cinit)
                  00095345    00000003     --HOLE-- [fill = 0]
                  00095348    00000009     MOD_SDS_UDS.lib : SDS_UDS_StartUp_C1.obj (.cinit)
                  00095351    00000003     --HOLE-- [fill = 0]
                  00095354    00000009     MOD_VCR.lib : VCR_Utils.obj (.cinit)
                  0009535d    00000003     --HOLE-- [fill = 0]
                  00095360    00000009                 : VCR_MessageHandler.obj (.cinit)
                  00095369    00000003     --HOLE-- [fill = 0]
                  0009536c    00000009     SYS_OSEK_INTERFACE.lib : OSEK_HookFunctions_C1.obj (.cinit)
                  00095375    00000003     --HOLE-- [fill = 0]
                  00095378    00000009     MOD_APP_PHONE.lib : APP_PHONE_ERM_C1.obj (.cinit)
                  00095381    00000003     --HOLE-- [fill = 0]
                  00095384    00000009     MOD_LOGI_BUT_MAN.lib : LOGI_BUT_MAN_CRADLE.obj (.cinit)
                  0009538d    00000003     --HOLE-- [fill = 0]
                  00095390    00000009     MOD_BAP.lib : bap_debug.obj (.cinit)
                  00095399    00000003     --HOLE-- [fill = 0]
                  0009539c    00000009     MOD_SDS_UDS.lib : SDS_UDS_CB_C1.obj (.cinit)
                  000953a5    00000003     --HOLE-- [fill = 0]
                  000953a8    00000009     MOD_ERM.lib : ERM_Utils.obj (.cinit)
                  000953b1    00000003     --HOLE-- [fill = 0]
                  000953b4    00000009     MOD_LOGI_BUT_MAN.lib : LOGI_BUT_MAN_3BM.obj (.cinit)
                  000953bd    00000003     --HOLE-- [fill = 0]
                  000953c0    00000009     MOD_APP_PHONE_BAP.lib : APP_PHONE_BAP_REQUEST_C1.obj (.cinit)
                  000953c9    00000003     --HOLE-- [fill = 0]
                  000953cc    00000009                           : APP_PHONE_BAP_INDICATION_C1.obj (.cinit)
                  000953d5    00000003     --HOLE-- [fill = 0]
                  000953d8    00000009     MOD_PHY_BUT_DRV.lib : PHY_BUT_DRV_PL_3BM.obj (.cinit)
                  000953e1    00000003     --HOLE-- [fill = 0]
                  000953e4    00000009     MOD_AT_Cmd_Handler.lib : ATCmdHandler.obj (.cinit)
                  000953ed    00000003     --HOLE-- [fill = 0]
                  000953f0    00000009     MOD_PHY_BUT_DRV.lib : PHY_BUT_DRV_C1.obj (.cinit)
                  000953f9    00000007     --HOLE-- [fill = 0]

.const_sd_text 
*          0    0009fd00    0001fd94     
                  0009fd00    0001fd94     APP_SD_FrameDataBase.obj (.const)

.const_sd_mailbox 
*          0    000bfa94    000002b8     
                  000bfa94    000002b8     APP_SD_Mailbox.obj (.const)

$fill000   0    000bfffc    00000004     
                  000bfffc    00000004     --HOLE-- [fill = 12345678]

.REQUEST   0    00400000    00000004     UNINITIALIZED
                  00400000    00000004     MOD_SDS_UDS.lib : sds_ext.obj (.REQUEST)

.sysmem    0    00400004    00000000     UNINITIALIZED

.bss       0    00400004    0000bbfe     UNINITIALIZED
                  00400004    00002b3c     MOD_BAP.lib : BAP-SW_UHVhigh_NAR_Phone_PB_MDI.obj (.bss)
                  00402b40    000029c8     MOD_POOL.lib : POOL_ARRAY.obj (.bss)
                  00405508    00001200     MOD_OSEK_DYN.lib : tcb.obj (.bss)
                  00406708    000009cf     MOD_KPB.lib : KPB_C1.obj (.bss)
                  004070d7    00000001     MOD_AT_Cmd_Handler.lib : ATCmdHandler.obj (.bss)
                  004070d8    000008b4     MOD_UART.lib : UART_C1.obj (.bss)
                  0040798c    00000838     MOD_OSEK_DYN.lib : msg.obj (.bss)
                  004081c4    0000073e     MOD_APP_SD.lib : APP_SD_C1.obj (.bss)
                  00408902    00000002     STD_SDS_UDS.lib : sds.obj (.bss)
                  00408904    000006b4     MOD_ERM.lib : ERM_DeviceHandler.obj (.bss)
                  00408fb8    0000068c     MOD_APP_PHONEBOOK.lib : APP_PHONEBOOK_C1.obj (.bss)
                  00409644    000005d6     MOD_VCR.lib : VCR.obj (.bss)
                  00409c1a    00000002     MOD_BAP.lib : bap_bcl.obj (.bss)
                  00409c1c    000003d9     MOD_ERM.lib : ERM.obj (.bss)
                  00409ff5    00000001     MOD_LOGI_BUT_MAN.lib : LOGI_BUT_MAN_3BM.obj (.bss)
                  00409ff6    00000002     MOD_BAP.lib : bap_bclcan.obj (.bss)
                  00409ff8    00000240     MOD_EEPROM_LAYOUT.lib : EEPROM_LAYOUT_RamMirror_C1.obj (.bss)
                  0040a238    00000228     MOD_SDS_UDS.lib : sds_ext.obj (.bss)
                  0040a460    000001e0     MOD_APP_SD.lib : APP_SD_ListCtrl_C1.obj (.bss)
                  0040a640    000001b4     MOD_APP_MDI.lib : APP_MDI_C1.obj (.bss)
                  0040a7f4    00000197     MOD_AT_Parser.lib : ATParser.obj (.bss)
                  0040a98b    00000001     MOD_ERM.lib : ERM_Utils.obj (.bss)
                  0040a98c    00000189     MOD_APP_DIAG.lib : APP_DIAG_C1.obj (.bss)
                  0040ab15    00000003     MOD_VCR.lib : VCR_Utils.obj (.bss)
                  0040ab18    00000180     MOD_APP_SMS.lib : APP_SMS_C1.obj (.bss)
                  0040ac98    00000180     MOD_POOL.lib : POOL_C1.obj (.bss)
                  0040ae18    00000143     STD_DEH.lib : deh.obj (.bss)
                  0040af5b    00000001     MOD_VCR.lib : VCR_MessageHandler.obj (.bss)
                  0040af5c    00000106     MOD_UDS.lib : uds_appl.obj (.bss)
                  0040b062    00000002     MOD_SDS_UDS.lib : SDS_UDS_Service31_C1.obj (.bss)
                  0040b064    000000cd     MOD_CONTEXT_MAN.lib : CONTEXT_MAN_C1.obj (.bss)
                  0040b131    00000002     MOD_VCR.lib : VCR_StateHandler_PHONEBOOK.obj (.bss)
                  0040b133    00000001     MOD_LOGI_BUT_MAN.lib : LOGI_BUT_MAN_CRADLE.obj (.bss)
                  0040b134    000000c9     MOD_CRC.lib : Crcmgr_C1.obj (.bss)
                  0040b1fd    00000002     MOD_SDS_UDS.lib : SDS_UDS_CB_C1.obj (.bss)
                  0040b1ff    00000001     MOD_PHY_BUT_DRV.lib : PHY_BUT_DRV_C1.obj (.bss)
                  0040b200    000000c9     MOD_SDS_UDS.lib : SDS_UDS_Service_DTC_C1.obj (.bss)
                  0040b2c9    00000002     MOD_ADC.lib : ADC_PL_C1.obj (.bss)
                  0040b2cb    00000001     MOD_BAP.lib : bap_bclutil.obj (.bss)
                  0040b2cc    000000c4     MOD_APP_PHONE.lib : APP_PHONE_C1.obj (.bss)
                  0040b390    000000b8     SYS_OSEK_INTERFACE.lib : OSEK_AppTask_Alarm.obj (.bss)
                  0040b448    000000b4     MOD_BAP_Dispatcher.lib : BAP_Dispatcher_Ack.obj (.bss)
                  0040b4fc    000000a4     MOD_DEH.lib : deh_cfg.obj (.bss)
                  0040b5a0    00000090     MOD_CAN_ST.lib : can_drv.obj (.bss)
                  0040b630    00000064     MOD_APP_PHONEBOOK_BAP.lib : APP_PHONEBOOK_BAP_C1.obj (.bss)
                  0040b694    00000058     MOD_APP_DEVICE.lib : APP_DEVICE_C1.obj (.bss)
                  0040b6ec    0000004c     MOD_APP_PHONE_BAP.lib : APP_PHONE_BAP_C1.obj (.bss)
                  0040b738    00000041     MOD_SDS_UDS.lib : SDS_UDS_Service_DataDownload_C1.obj (.bss)
                  0040b779    00000001     MOD_TEMPERATURE.lib : TEMPERATURE_C1.obj (.bss)
                  0040b77a    00000001     MOD_SYS_INIT.lib : SYS_INIT_C.obj (.bss)
                  0040b77b    00000001     MOD_APP_PHONE.lib : APP_PHONE_ERM_C1.obj (.bss)
                  0040b77c    0000003d     MOD_APP_CAN.lib : APP_CAN_C1.obj (.bss)
                  0040b7b9    00000001     MOD_APP_PHONE_BAP.lib : APP_PHONE_BAP_INDICATION_C1.obj (.bss)
                  0040b7ba    00000001                           : APP_PHONE_BAP_REQUEST_C1.obj (.bss)
                  0040b7bb    00000001     MOD_SDS_UDS.lib : SDS_UDS_StartUp_C1.obj (.bss)
                  0040b7bc    0000003a     MOD_CSHDL.lib : CSHDL_c1.obj (.bss)
                  0040b7f8    00000038     MOD_APP_DEVICE.lib : APP_DEVICE_AudioManager_C1.obj (.bss)
                  0040b830    00000034     MOD_EEPROM.lib : EEPROM_C1.obj (.bss)
                  0040b864    00000030     MOD_EEPROM_LAYOUT.lib : EEPROM_Layout_C1.obj (.bss)
                  0040b894    00000029     MOD_ASR.lib : ASR_C1.obj (.bss)
                  0040b8c0    00000025     MOD_VCR.lib : VCR_StateHandler_PHONE.obj (.bss)
                  0040b8e8    00000024     MOD_TRACE.lib : TRACE_c1.obj (.bss)
                  0040b90c    00000024     STD_ISOTP.lib : tp.obj (.bss)
                  0040b930    00000020     MOD_OSEK_ST.lib : osek.obj (.bss)
                  0040b950    00000020     MOD_ADC.lib : ADC_C1.obj (.bss)
                  0040b970    0000001f     MOD_LOGI_BUT_MAN.lib : LOGI_BUT_MAN_C1.obj (.bss)
                  0040b990    0000001c     SYS_OSEK_INTERFACE.lib : OSEK_MonitorTask_C1.obj (.bss)
                  0040b9ac    0000001b     MOD_MONITOR_ADC.lib : MONITOR_ADC_C1.obj (.bss)
                  0040b9c8    0000001a     SYS_OSEK_INTERFACE.lib : OSEK_HostTask_C1.obj (.bss)
                  0040b9e4    00000018                            : OSEK_DatabaseTask_C1.obj (.bss)
                  0040b9fc    00000018                            : OSEK_AppTask_C1.obj (.bss)
                  0040ba14    00000018     STD_UDS.lib : uds.obj (.bss)
                  0040ba2c    00000017     MOD_SDS_UDS.lib : SDS_UDS_Service2E_C1.obj (.bss)
                  0040ba44    00000014     MOD_APP_PHONE.lib : APP_PHONE_AT_PNCC_C1.obj (.bss)
                  0040ba58    00000014     MOD_ERM.lib : ERM_AudioSets.obj (.bss)
                  0040ba6c    00000012     MOD_SDS_UDS.lib : SDS_UDS_Service22_C1.obj (.bss)
                  0040ba80    00000011     STD_NM.lib : n_vnm.obj (.bss)
                  0040ba92    00000010     MOD_APP_DTC.lib : APP_DTC_C1.obj (.bss)
                  0040baa4    00000010     MOD_SDS_UDS.lib : SDS_UDS_Service_SecurityCheck_C1.obj (.bss)
                  0040bab4    0000000e     MOD_NM.lib : NM_CB.obj (.bss)
                  0040bac4    0000000d     MOD_APP_CSHDL.lib : APP_CSHDL_C1.obj (.bss)
                  0040bad4    0000000c     MOD_BAP.lib : bap_debug.obj (.bss)
                  0040bae0    0000000c     MOD_GIO.lib : GIO_PL_C1.obj (.bss)
                  0040baec    0000000a     MOD_SDS_UDS.lib : SDS_UDS_Service2F_C1.obj (.bss)
                  0040baf8    00000009     SYS_OSEK_INTERFACE.lib : OSEK_HookFunctions_C1.obj (.bss)
                  0040bb02    00000009     MOD_APP_MDI_BAP.lib : APP_MDI_BAP_C1.obj (.bss)
                  0040bb0c    00000008     MOD_POWERMANAGER.lib : Pwrmgr_C1.obj (.bss)
                  0040bb14    00000004     MOD_VCR.lib : VCR_StateHandler.obj (.bss)
                  0040bb18    00000004     MOD_APP_CAN.lib : APP_CAN_Speed_C1.obj (.bss)
                  0040bb1c    00000004     rts32tiabi.lib : errno.obj (.bss)
                  0040bb20    00000004     MOD_SDS_UDS.lib : SDS_UDS_ReadWriteEEProm_C1.obj (.bss)
                  0040bb24    000000bb     MOD_CAN_DYN.lib : UHV_NAR.obj (.bss)
                  0040bbdf    0000000c     MOD_PHY_BUT_DRV.lib : PHY_BUT_DRV_PL_CRADLE.obj (.bss)
                  0040bbeb    00000007     MOD_MFL_MGR.lib : MFL_MGR_C1.obj (.bss)
                  0040bbf2    00000006     MOD_PHY_BUT_DRV.lib : PHY_BUT_DRV_PL_3BM.obj (.bss)
                  0040bbf8    00000006     MOD_OSEK_DYN.lib : OSEK_TaskHandler_C1.obj (.bss)
                  0040bbfe    00000004     MOD_PHY_BUT_DRV.lib : PHY_BUT_DRV_PL_C1.obj (.bss)

.HETCODE   0    00800000    00000000     UNINITIALIZED


GLOBAL SYMBOLS: SORTED ALPHABETICALLY BY Name 

address    name
--------   ----
0008d080   $memset
00400004   .bss
00000000   .data
00008124   .text
0008abe4   C_MEMCPY
00089470   FD_ADD
0008cf0c   FD_CMP
0008a8d0   FD_DIV
0008bf9c   FD_MUL
00089464   FD_SUB
0008d72c   FD_TOI
0008c508   I$DIV
0008c508   I$MOD
0008da88   IND_CALL
0008c50c   I_DIV
0008c50c   I_MOD
0008d908   I_TOFD
0008cae0   U$DIV
0008cae0   U$MOD
000886b0   ULL_DIV
000886b0   ULL_MOD
0008cae4   U_DIV
0008cae4   U_MOD
0008a73c   _ADC_SWResetEnter_V
0008a768   _ADC_SWResetExit_V
0008a778   _ADC_sfConfigureInitRegister
0008c290   _ADC_sfConvStart
0008a794   _ADC_sfConvStart_PL
0008c1ec   _ADC_sfInit
0008c254   _ADC_u16GetAdcValue
0008a864   _ADC_u16ReadChannel
0008a878   _ADC_vConfigureInterrupt
0008511c   _APL_DEH_EEPReadEventData
00085140   _APL_DEH_EEPWriteEventData
000851ec   _APL_DEH_EEPWriteHandleRetries
0008529c   _APL_DEH_IsDEHData_SuccessfulRegisterToEEprom
00085428   _APL_DEH_ReadStatusOfDTC
000852a8   _APL_DEH_ReadStdFF
000853a8   _APL_DEH_ReadUnlearnCounter
00085430   _APL_DEH_WriteStatusOfDTC
00061ca4   _APP_CAN_ResetSleepDelayTimer
00061c88   _APP_CAN_SleepDelayTimer
0008cd40   _APP_CAN_Speed_un16CurrentVehicleSpeed
0008cca0   _APP_CAN_Speed_vSpeedHandler
00061fe0   _APP_CAN_cbNachlaufzeitTimeout
00061c38   _APP_CAN_enGetDerivat
00061c2c   _APP_CAN_enGetMarke
000610c0   _APP_CAN_enGetMuteStatus
000610d8   _APP_CAN_sf10msCyclicCheckReceivedCANMessages
00061f10   _APP_CAN_sfCheckBusOff
00062104   _APP_CAN_sfDiagnose_1_MessageReceived
00060c6c   _APP_CAN_sfInit
00060d9c   _APP_CAN_sfReInitTOVariables
00061fe8   _APP_CAN_sfSendCyclicCanMessage
00062078   _APP_CAN_u8DTCStore
000620b4   _APP_CAN_u8EigenDiagDTCStore
00061c48   _APP_CAN_u8GetActiveLSM1Device
000620f8   _APP_CAN_u8GetMflVariante
000620ec   _APP_CAN_u8GetNWDF
00062064   _APP_CAN_u8Klemme15Status
00062114   _APP_CAN_vDiagnose_1_Data
00060df8   _APP_CAN_vHandleEvents
00060d8c   _APP_CAN_vResetLanguageDatasetdownload
0008685c   _APP_COMMON_BAP_ARRAY_sfConvSWArrayHeader
000866ec   _APP_COMMON_BAP_ARRAY_sfGetChangedArray
00086684   _APP_COMMON_BAP_ARRAY_sfGetDefaultStatusArray
000869c0   _APP_COMMON_BAP_ARRAY_sfGetPos
00086830   _APP_COMMON_BAP_ARRAY_sfIsHeaderSizeValid
0008677c   _APP_COMMON_BAP_ARRAY_sfReadHeader
00086988   _APP_COMMON_BAP_ARRAY_sfSetPos
00086768   _APP_COMMON_BAP_ARRAY_u16GetHeaderLength
000867d8   _APP_COMMON_BAP_ARRAY_u8WriteHeader
0007e50c   _APP_COMMON_UTILS_bIsAlarmActive
0007e83c   _APP_COMMON_UTILS_sfConvertAtSmsDate
0007e5f4   _APP_COMMON_UTILS_sfFreeAtResponse
0007e554   _APP_COMMON_UTILS_sfFreeBapIndication
0007e5a4   _APP_COMMON_UTILS_sfFreeBapRequest
0007e6d8   _APP_COMMON_UTILS_sfSendBapResultRequestNoData
0007e744   _APP_COMMON_UTILS_sfSendEmptyBapArray
0007e52c   _APP_COMMON_UTILS_stCancelOsekRelAlarm
0007e550   _APP_COMMON_UTILS_stGetTimeoutLeft
0007e64c   _APP_COMMON_UTILS_stSendBapRequest
0007e4d4   _APP_COMMON_UTILS_stSetOsekRelAlarm
0007e364   _APP_COMMON_UTILS_u16GetBapString
0007e3ec   _APP_COMMON_UTILS_u16GetUint16Type
0007e3b0   _APP_COMMON_UTILS_u16WriteBapString
0007e3a0   _APP_COMMON_UTILS_u8CalcBapStringNumLenBytes
0007e448   _APP_COMMON_UTILS_vSendBapError
0007e430   _APP_COMMON_UTILS_vSetLowerNibble
0007e40c   _APP_COMMON_UTILS_vSetUint16Type
0007e41c   _APP_COMMON_UTILS_vSetUpperNibble
0007e8d4   _APP_COMMON_enGetUtf8Type
0007e928   _APP_COMMON_u32GetSDBM_Hash
0008c8f8   _APP_COMMON_vHandleEvents
00087924   _APP_CSHDL_eGetCradleRestrictionState
00087918   _APP_CSHDL_eGetCshdlState
00087664   _APP_CSHDL_sfInitApp
000877a0   _APP_CSHDL_vCk5050ShutDownHandled
00087694   _APP_CSHDL_vHandleEvents
0007ae1c   _APP_DEVICE_AMGetActiveSource
0007ac88   _APP_DEVICE_AM_cbReleaseCanMute
0007ac58   _APP_DEVICE_AM_cbWaitForCANAck
0007a788   _APP_DEVICE_AM_sfGetMute
0007aac8   _APP_DEVICE_AM_vHandlePASA
0007ab68   _APP_DEVICE_AM_vOnAppCshdlNotification
0007acc4   _APP_DEVICE_AM_vRadioInfoReceived
0007a958   _APP_DEVICE_AM_vReleaseMute
0007ada8   _APP_DEVICE_AM_vSetAudioMuteByWireDiag
0007aba8   _APP_DEVICE_AM_vSetCooperativeMuteDiag
0007ab94   _APP_DEVICE_AM_vSetMuteDelayDiag
0007a748   _APP_DEVICE_AudioManager_sfInitApp
00075b48   _APP_DEVICE_GetActiveServiceDeviceId
00089aec   _APP_DEVICE_GetPASAEvent
00089af8   _APP_DEVICE_InitPASAEvent
00075bd4   _APP_DEVICE_bIsDeviceType
00075cb8   _APP_DEVICE_bIsFactorySettingActive
00075cec   _APP_DEVICE_bIsMajorDevClass
00075d04   _APP_DEVICE_bIsMinorDevClass
00075cd0   _APP_DEVICE_bIsServiceClass
0005360c   _APP_DEVICE_rcActivateMdiDevice
00045354   _APP_DEVICE_rcAddHeadsetProfile
00045334   _APP_DEVICE_rcAddPlayerProfile
00045374   _APP_DEVICE_rcAddUserProfile
0007c338   _APP_DEVICE_rcBackupEeprom
0005369c   _APP_DEVICE_rcDeactivateMdiDevice
000455d8   _APP_DEVICE_rcDeleteAllProfiles
0004552c   _APP_DEVICE_rcDeleteHeadsetProfile
000454e4   _APP_DEVICE_rcDeletePlayerProfile
000454ac   _APP_DEVICE_rcDeleteUserProfile
00053560   _APP_DEVICE_rcDisconnectDevice
0007c424   _APP_DEVICE_rcResetToFactorySetting
0004542c   _APP_DEVICE_rcSaveBtName
000456f4   _APP_DEVICE_rcSetHeadsetAuthMode
00045698   _APP_DEVICE_rcSetPbCompletelyLoaded
0004575c   _APP_DEVICE_rcSetPlayerAuthMode
000457c4   _APP_DEVICE_rcSetPlayerHsName
00045920   _APP_DEVICE_rcSetRingtone
00045638   _APP_DEVICE_rcSetRingtoneAlternate
00045828   _APP_DEVICE_rcSetUserName
00045980   _APP_DEVICE_rcSetVoiceMailboxNumber
000535a0   _APP_DEVICE_rcStartRingtoneNonBlock
00053510   _APP_DEVICE_rcStopRingtoneNonBlock
000533e8   _APP_DEVICE_sfActivatePhoneDevice
00053488   _APP_DEVICE_sfDeactivatePhoneService
000755bc   _APP_DEVICE_sfInitApp
000534c8   _APP_DEVICE_sfSetAutoConnectionMode
00047328   _APP_DEVICE_u8GetAddedProfileId
00047234   _APP_DEVICE_vAddMissingPlayerProfileImplicitlyBySD
000471f8   _APP_DEVICE_vAddMissingUserProfileImplicitlyBySD
00075e68   _APP_DEVICE_vEmergencyReleaseContextFromAppSd
00089a84   _APP_DEVICE_vHandleATResponse
0007fad8   _APP_DEVICE_vHandleErmATResultEvent
0007c8fc   _APP_DEVICE_vHandleErmStateChange
00075850   _APP_DEVICE_vHandleEvents
00075d1c   _APP_DEVICE_vOnAppCshdlNotification
00075dd0   _APP_DEVICE_vOnAppPhoneBookNotification
00075d7c   _APP_DEVICE_vOnAppPhoneNotification
0007fe30   _APP_DEVICE_vOnErmNotification
00075e80   _APP_DEVICE_vSetActivatePlayerPendingFlag
00075e74   _APP_DEVICE_vSetDeactivatePlayerPendingFlag
00056768   _APP_DIAG_GetDiag_PhonebookSortOrder
00054ea0   _APP_DIAG_sfInit
00055074   _APP_DIAG_vHandleEvents
00056644   _APP_DIAG_vHandlePendingResponseFromApplication
0004fd14   _APP_DTC_bGetAudioAllowed
0004de80   _APP_DTC_sfInit
0004fca8   _APP_DTC_u8GetStatus3ButtonModule
0004fcd0   _APP_DTC_u8GetStatusAntenna
0004fc90   _APP_DTC_u8GetStatusAudioLeft
0004fc9c   _APP_DTC_u8GetStatusAudioRight
0004fcc0   _APP_DTC_u8GetStatusBaseplate
0004fcec   _APP_DTC_u8GetStatusCoding
0004fc84   _APP_DTC_u8GetStatusMikroTelefon
0004fcb4   _APP_DTC_u8GetStatusRadioMute
0004fce0   _APP_DTC_u8GetStatusTemperature
0004fcf8   _APP_DTC_u8GetStatusUBatt
0004fd04   _APP_DTC_u8GetVariantType
0004df18   _APP_DTC_vFastRampUpPinsDiagnostics
0004df00   _APP_DTC_vSlowRampUpPinsDiagnostics
0004ded8   _APP_DTC_vSoftwareDiagnostics
0004fb28   _APP_DTC_vStartupSequence
000649c8   _APP_MDI_BAP_sfInitApp
000657d8   _APP_MDI_BAP_vHandleErmNotification
000649ec   _APP_MDI_BAP_vHandleEvents
00065870   _APP_MDI_BAP_vOnAppMdiNotification
00083378   _APP_MDI_ERM_vHandleErmNotification
00083374   _APP_MDI_ERM_vHandleErmStateChange
00066ee8   _APP_MDI_GetActiveServiceDeviceId
00066ee0   _APP_MDI_GetAlbum
00066ed0   _APP_MDI_GetArtist
00066ec8   _APP_MDI_GetFileName
00066eb0   _APP_MDI_GetMetadataType
00066e8c   _APP_MDI_GetPlayStatus
00066ea4   _APP_MDI_GetRandomMode
00066ebc   _APP_MDI_GetRepeatMode
00066e98   _APP_MDI_GetSavePauseState
00066ed8   _APP_MDI_GetTitle
00066e74   _APP_MDI_GetTrackTime
00066e80   _APP_MDI_GetTrackTimePosition
00067b18   _APP_MDI_HandleDefer
00066df0   _APP_MDI_bIsInitialized
00067b98   _APP_MDI_bIsSeekingInProgress
000674cc   _APP_MDI_bMutePlayer
00066df4   _APP_MDI_bPlayerActive
00066e30   _APP_MDI_bPlayerAvailable
00066e4c   _APP_MDI_bRemoteControlAvailable
00067744   _APP_MDI_bUnlockPlayer
00067600   _APP_MDI_bUnmutePlayer
00067a60   _APP_MDI_cbDPLYResponseTimeOut
00067904   _APP_MDI_cbGetDgps
0006788c   _APP_MDI_cbGetPgmtDelayed
000831e4   _APP_MDI_cbMuteGetAck
00067778   _APP_MDI_cbPlayStateTimeout
000678c8   _APP_MDI_cbSendDPLYDelayed
00067868   _APP_MDI_cbStartupUnlockAudio
00067338   _APP_MDI_sfGetDged
0006735c   _APP_MDI_sfGetDgps
00067318   _APP_MDI_sfGetPgmt
00066c70   _APP_MDI_sfInitApp
00066cd8   _APP_MDI_sfReInitApp
00066fd4   _APP_MDI_sfSetALCKMode
00067448   _APP_MDI_sfSetAutomaticNotificationMode
000670b4   _APP_MDI_sfSetPlayMode
00067498   _APP_MDI_sfSetPlayerVisible
0006737c   _APP_MDI_sfSetRandomMode
000673d8   _APP_MDI_sfSetRepeatMode
00067294   _APP_MDI_sfSetSkip
00067058   _APP_MDI_sfVcrSetPlayMode
00067940   _APP_MDI_vDeferPlayMode
0007229c   _APP_MDI_vHandleATResponse
000832c4   _APP_MDI_vHandleErmATResultEvent
00066d40   _APP_MDI_vHandleEvents
00066fd0   _APP_MDI_vOnAppDeviceNotification
0006a870   _APP_PHONEBOOK_AT_ePhonebookStatusGet
0006e974   _APP_PHONEBOOK_BAP_sfInitApp
0006f1f8   _APP_PHONEBOOK_BAP_vDeleteSms
0006f180   _APP_PHONEBOOK_BAP_vDiagSmsSupportChanged
0006e990   _APP_PHONEBOOK_BAP_vHandleEvents
0007a16c   _APP_PHONEBOOK_BAP_vOnAppCshdlNotification
0007a234   _APP_PHONEBOOK_BAP_vOnAppDeviceNotification
0007a068   _APP_PHONEBOOK_BAP_vOnAppPBNotification
00079fb8   _APP_PHONEBOOK_BAP_vOnAppSmsNotification
0006f484   _APP_PHONEBOOK_BAP_vOnBAPDispatcherNotification
0007a158   _APP_PHONEBOOK_BAP_vOnErmNotification
00089e34   _APP_PHONEBOOK_ERM_vHandleErmStateChange
0005b270   _APP_PHONEBOOK_GetVoiceTagNumberResponse
0005b1ec   _APP_PHONEBOOK_bIsPbValid
0005b36c   _APP_PHONEBOOK_bPbUpdateInProgress
0005b35c   _APP_PHONEBOOK_bWasManualSync
0005b398   _APP_PHONEBOOK_cbPbSortingTimeout
0005b1cc   _APP_PHONEBOOK_enGetPBDwldState
0005b2dc   _APP_PHONEBOOK_pGetPbSearchResult
0005b240   _APP_PHONEBOOK_pGetPpbrContext
0005ada8   _APP_PHONEBOOK_rcRequestAddPbEntry
0005ae88   _APP_PHONEBOOK_rcRequestCallStackReset
0005aed0   _APP_PHONEBOOK_rcRequestCompletePbEntries
0005b074   _APP_PHONEBOOK_rcRequestCurrentPbSortOrder
0005ae3c   _APP_PHONEBOOK_rcRequestManualSync
0005b114   _APP_PHONEBOOK_rcRequestNumVoiceTagsForContact
0005b010   _APP_PHONEBOOK_rcRequestPbSearch
0005b0c0   _APP_PHONEBOOK_rcSetPbSortOrder
00059dbc   _APP_PHONEBOOK_sfInitApp
0005b2bc   _APP_PHONEBOOK_u16GetAddedPbIndex
0005b184   _APP_PHONEBOOK_u16GetCurrentPBSize
0005b350   _APP_PHONEBOOK_u16GetPbDlStatus
0005b2a4   _APP_PHONEBOOK_u8GetSortOrder
0006a8ac   _APP_PHONEBOOK_vHandleATResponse
00089db0   _APP_PHONEBOOK_vHandleErmATError
00089d90   _APP_PHONEBOOK_vHandleErmATOk
00059f80   _APP_PHONEBOOK_vHandleEvents
0005ad64   _APP_PHONEBOOK_vOnAppDeviceNotification
00089dd0   _APP_PHONEBOOK_vOnErmNotification
00059f6c   _APP_PHONEBOOK_vResetMissedCallsByHMI
0006c06c   _APP_PHONE_AT_PNCC_GetOutgoingCallIndex
0006c0b4   _APP_PHONE_AT_PNCC_bAllCallStatesIdle
0006bfec   _APP_PHONE_AT_PNCC_bArrayHasChanged
0006c010   _APP_PHONE_AT_PNCC_bCallInfoHasChanged
0006bf70   _APP_PHONE_AT_PNCC_pGetPlccContext
0006bf68   _APP_PHONE_AT_PNCC_pGetPnccContext
0006c14c   _APP_PHONE_AT_PNCC_u16GetNumberOfActiveCalls
0006c2d4   _APP_PHONE_AT_PNCC_u16GetNumberOfCallType
0006c184   _APP_PHONE_AT_PNCC_u16GetNumberOfCalls
0006c1e8   _APP_PHONE_AT_PNCC_u16GetNumberOfHeldCalls
0006c220   _APP_PHONE_AT_PNCC_u16GetNumberOfIncomingCalls
0006c290   _APP_PHONE_AT_PNCC_u16GetNumberOfOutgoingCalls
0006c1b0   _APP_PHONE_AT_PNCC_u16GetNumberOfTerminatedCalls
0006c258   _APP_PHONE_AT_PNCC_u16GetNumberOfWaitingCalls
0007bd90   _APP_PHONE_BAP_ERM_vHandleErmStateChange
0007c280   _APP_PHONE_BAP_bIsUserActivated
0007bc8c   _APP_PHONE_BAP_sfInitApp
0007bca8   _APP_PHONE_BAP_vHandleEvents
0007bf54   _APP_PHONE_BAP_vOnAppCshdlNotification
0007bfb4   _APP_PHONE_BAP_vOnAppDeviceNotification
0005f6ac   _APP_PHONE_BAP_vOnAppPhoneNotification
0005f7c8   _APP_PHONE_BAP_vOnBAPDispatcherNotification
0007bda4   _APP_PHONE_BAP_vOnErmNotification
000640a0   _APP_PHONE_BAP_vProcessAcceptCall
00064408   _APP_PHONE_BAP_vProcessCCJoin
00064368   _APP_PHONE_BAP_vProcessCallHold
00063f9c   _APP_PHONE_BAP_vProcessDialNumber
00064140   _APP_PHONE_BAP_vProcessHangUpCall
00064228   _APP_PHONE_BAP_vProcessMPCallHoldAcceptWaitingCall
000644a8   _APP_PHONE_BAP_vProcessMPReleaseActiveCallAcceptWaitingCall
000642c8   _APP_PHONE_BAP_vProcessMPSwap
00063efc   _APP_PHONE_BAP_vProcessResumeCall
00088418   _APP_PHONE_CAN_DATA_vOnAppPhoneNotification
00059ab8   _APP_PHONE_GetBatteryLevel
00059ad4   _APP_PHONE_GetNetworkAvailable
00059aa4   _APP_PHONE_GetNetworkProvider
00059ac4   _APP_PHONE_GetRoaming
00059aac   _APP_PHONE_GetSignalStrength
00058550   _APP_PHONE_HangUp_CallStatusChange
00059b38   _APP_PHONE_bIsCDMAPhone
00059b1c   _APP_PHONE_bIsHandsFreeOff
00059b10   _APP_PHONE_bIsHeadsetOn
00059b00   _APP_PHONE_bIsMicMuted
00059bbc   _APP_PHONE_bIsUnknownCallerId
00059a24   _APP_PHONE_bIsValidPhoneNumber
00059ae0   _APP_PHONE_bNetworkAvailable
00059af8   _APP_PHONE_bRedialNumberAvailable
00059c70   _APP_PHONE_cbOnPatrTimeout
00059c54   _APP_PHONE_cbOutgoingCallIndicationTimeout
00059b28   _APP_PHONE_enGetHfpVersion
00059464   _APP_PHONE_rcAcceptCall
00059704   _APP_PHONE_rcCallHold
000595d4   _APP_PHONE_rcCallInfo
00059748   _APP_PHONE_rcCallReplace
00059588   _APP_PHONE_rcCallState
000592a4   _APP_PHONE_rcDialNumber
00059318   _APP_PHONE_rcDialPbIndex
000593a8   _APP_PHONE_rcDialPnIndex
0005981c   _APP_PHONE_rcHandsFreeOnOff
000594a8   _APP_PHONE_rcHangUp
000594f0   _APP_PHONE_rcHangUpAll
000597d4   _APP_PHONE_rcHeadsetOnOff
00059928   _APP_PHONE_rcJoinToConference
00059890   _APP_PHONE_rcMicroMuteOnOff
00059540   _APP_PHONE_rcPhoneStatus
000596c0   _APP_PHONE_rcPlpdRequest
00059970   _APP_PHONE_rcPutCallsThrough
000593fc   _APP_PHONE_rcRedial
00059790   _APP_PHONE_rcResumeCall
00059624   _APP_PHONE_rcSendDTMF
00059370   _APP_PHONE_rcSilentRinging
000599b8   _APP_PHONE_rcSplitCallFromConference
000598e0   _APP_PHONE_rcSwitchCalls
00059a00   _APP_PHONE_rcToggleMicMute
000583a4   _APP_PHONE_sfInitApp
00058370   _APP_PHONE_u16MissedCalls
0005837c   _APP_PHONE_u16MissedNumbers
000585bc   _APP_PHONE_vCbMicMute
00085fa0   _APP_PHONE_vHandleATResponse
00074d3c   _APP_PHONE_vHandleErmATErrorEvent
00074d1c   _APP_PHONE_vHandleErmATOkEvent
00074d5c   _APP_PHONE_vHandleErmStateChange
00058600   _APP_PHONE_vHandleEvents
00059b48   _APP_PHONE_vOnAppCshdlNotification
00059b9c   _APP_PHONE_vOnAppDeviceNotification
00074d6c   _APP_PHONE_vOnErmNotification
00075010   _APP_PHONE_vResetHangUpAllCallsRetries
00058388   _APP_PHONE_vResetMissedCalls
000771b0   _APP_SD_LC_bDataNeed
00077380   _APP_SD_LC_sfSendListFrame
000775ac   _APP_SD_LC_sfSetSelectedIndex
0007708c   _APP_SD_LC_u16GetElemsLeft
000770ec   _APP_SD_LC_u16GetNextListIndex
0007757c   _APP_SD_LC_u16GetSelectedIndex
0007705c   _APP_SD_LC_u16GetStartIndex
00077258   _APP_SD_LC_vButtonUpDown
00077114   _APP_SD_LC_vRequestData
00077228   _APP_SD_LC_vScrollUpDown
0007db70   _APP_SD_SC_bGetLastSpelledChar
0007d894   _APP_SD_SC_vButtonOk
0007d7c4   _APP_SD_SC_vButtonUpDown
0007d704   _APP_SD_SC_vInitSpeller
0007d9b8   _APP_SD_SC_vReadSelectionText
0007db54   _APP_SD_SC_vReadSpelledText
0007d75c   _APP_SD_SC_vSetDefaultCtrlSelection
0007d74c   _APP_SD_SC_vSetSpellLimit
0007d778   _APP_SD_SC_vSetSpelledText
000bae94   _APP_SD_a2stStaticTextLens
000b1694   _APP_SD_a2stStaticTexts
00090158   _APP_SD_aStaticMailboxKeywords
000aa1b0   _APP_SD_au8CanadianFrench_call_head_register
000aa26c   _APP_SD_au8CanadianFrench_head_audio_mode
000aa3e4   _APP_SD_au8CanadianFrench_head_bluetooth
000aa5bc   _APP_SD_au8CanadianFrench_head_device_list
000aa610   _APP_SD_au8CanadianFrench_head_headset
000aa9f0   _APP_SD_au8CanadianFrench_head_messages
000aa488   _APP_SD_au8CanadianFrench_head_settings
000aa2b8   _APP_SD_au8CanadianFrench_head_user
000aaa78   _APP_SD_au8CanadianFrench_new_sms
000aa564   _APP_SD_au8CanadianFrench_paired_head_devices
000aa628   _APP_SD_au8CanadianFrench_ta_always
000aa260   _APP_SD_au8CanadianFrench_ta_audio_mode
000aacc4   _APP_SD_au8CanadianFrench_ta_backspace
000aaf84   _APP_SD_au8CanadianFrench_ta_bt_accessory
000aa03c   _APP_SD_au8CanadianFrench_ta_bt_active_device
000aaeb4   _APP_SD_au8CanadianFrench_ta_bt_disconnect
000aa604   _APP_SD_au8CanadianFrench_ta_bt_headset
000aa3f0   _APP_SD_au8CanadianFrench_ta_bt_no_conn_headset
000aae7c   _APP_SD_au8CanadianFrench_ta_bt_own_name
000aa554   _APP_SD_au8CanadianFrench_ta_bt_paired_devices
000aaec0   _APP_SD_au8CanadianFrench_ta_bt_rename
000aac48   _APP_SD_au8CanadianFrench_ta_bt_visibility
000aa0e8   _APP_SD_au8CanadianFrench_ta_call_accept
000aa134   _APP_SD_au8CanadianFrench_ta_call_call1
000aa144   _APP_SD_au8CanadianFrench_ta_call_call2
000a9f9c   _APP_SD_au8CanadianFrench_ta_call_diverted
000aa46c   _APP_SD_au8CanadianFrench_ta_call_dtmf
000aa278   _APP_SD_au8CanadianFrench_ta_call_end
000aa5dc   _APP_SD_au8CanadianFrench_ta_call_end_active
000aa0b4   _APP_SD_au8CanadianFrench_ta_call_end_all
000aa4a4   _APP_SD_au8CanadianFrench_ta_call_handsfree
000aa5f8   _APP_SD_au8CanadianFrench_ta_call_hold
000aa630   _APP_SD_au8CanadianFrench_ta_call_info
000aa958   _APP_SD_au8CanadianFrench_ta_call_micro_off
000aa968   _APP_SD_au8CanadianFrench_ta_call_micro_on
000a9fc4   _APP_SD_au8CanadianFrench_ta_call_reject
000aa04c   _APP_SD_au8CanadianFrench_ta_call_resume
000aab30   _APP_SD_au8CanadianFrench_ta_call_service
000aa878   _APP_SD_au8CanadianFrench_ta_call_silent
000aab40   _APP_SD_au8CanadianFrench_ta_call_sos
000aa92c   _APP_SD_au8CanadianFrench_ta_call_swap
000aa7ec   _APP_SD_au8CanadianFrench_ta_call_waiting
000aab1c   _APP_SD_au8CanadianFrench_ta_calls_only
000aa838   _APP_SD_au8CanadianFrench_ta_conference
000ab124   _APP_SD_au8CanadianFrench_ta_confirm_pw_in_device
000ab108   _APP_SD_au8CanadianFrench_ta_confirm_pw_with_OK
000aaed0   _APP_SD_au8CanadianFrench_ta_connect
000aa460   _APP_SD_au8CanadianFrench_ta_date_value
000aa5ec   _APP_SD_au8CanadianFrench_ta_disconnected
000aa154   _APP_SD_au8CanadianFrench_ta_end_call
000aa858   _APP_SD_au8CanadianFrench_ta_err_load_phonebook
000bfbf4   _APP_SD_au8CanadianFrench_ta_find_mailbox_1
000bfc08   _APP_SD_au8CanadianFrench_ta_find_mailbox_2
000aa4b0   _APP_SD_au8CanadianFrench_ta_function_restriction
000aa028   _APP_SD_au8CanadianFrench_ta_head_active_tone
000aa124   _APP_SD_au8CanadianFrench_ta_head_call
000aa13c   _APP_SD_au8CanadianFrench_ta_head_call1
000aa14c   _APP_SD_au8CanadianFrench_ta_head_call2
000aa01c   _APP_SD_au8CanadianFrench_ta_head_call_active
000aa160   _APP_SD_au8CanadianFrench_ta_head_call_hold
000aabc0   _APP_SD_au8CanadianFrench_ta_head_call_setup
000aa180   _APP_SD_au8CanadianFrench_ta_head_call_waiting
000aa190   _APP_SD_au8CanadianFrench_ta_head_calls
000aa7fc   _APP_SD_au8CanadianFrench_ta_head_conference
000aa808   _APP_SD_au8CanadianFrench_ta_head_conference_hold
000aa450   _APP_SD_au8CanadianFrench_ta_head_datacall
000aa2c4   _APP_SD_au8CanadianFrench_ta_head_delete_user
000aab04   _APP_SD_au8CanadianFrench_ta_head_dial_nbr
000aa470   _APP_SD_au8CanadianFrench_ta_head_dtmf
000aa494   _APP_SD_au8CanadianFrench_ta_head_faxcall
000aa12c   _APP_SD_au8CanadianFrench_ta_head_incoming_call
000aad10   _APP_SD_au8CanadianFrench_ta_head_mailbox
000aa944   _APP_SD_au8CanadianFrench_ta_head_media_player
000aa1dc   _APP_SD_au8CanadianFrench_ta_head_nametag
000aabf0   _APP_SD_au8CanadianFrench_ta_head_number
000aa29c   _APP_SD_au8CanadianFrench_ta_head_options
000aab54   _APP_SD_au8CanadianFrench_ta_head_passkey
000aad4c   _APP_SD_au8CanadianFrench_ta_head_phone
000aadd0   _APP_SD_au8CanadianFrench_ta_head_phone_book
000aae8c   _APP_SD_au8CanadianFrench_ta_head_phone_name
000aabac   _APP_SD_au8CanadianFrench_ta_head_private_call
000aa224   _APP_SD_au8CanadianFrench_ta_head_reset_voice_tag
000aac78   _APP_SD_au8CanadianFrench_ta_head_setting_signals
000aa978   _APP_SD_au8CanadianFrench_ta_head_sms
000aa9c8   _APP_SD_au8CanadianFrench_ta_head_sms_from
000aac88   _APP_SD_au8CanadianFrench_ta_head_sorting_order
000aa884   _APP_SD_au8CanadianFrench_ta_head_stack_dialled
000aa104   _APP_SD_au8CanadianFrench_ta_head_stack_missed
000aa0f4   _APP_SD_au8CanadianFrench_ta_head_stack_received
000aa2f8   _APP_SD_au8CanadianFrench_ta_head_user
000aafa8   _APP_SD_au8CanadianFrench_ta_help_text
000ab0e0   _APP_SD_au8CanadianFrench_ta_list_back
000aa3d8   _APP_SD_au8CanadianFrench_ta_main_bluetooth
000aa1a0   _APP_SD_au8CanadianFrench_ta_main_callstacks
000aab10   _APP_SD_au8CanadianFrench_ta_main_dial
000aad00   _APP_SD_au8CanadianFrench_ta_main_mailbox
000aa954   _APP_SD_au8CanadianFrench_ta_main_menu
000aa9e8   _APP_SD_au8CanadianFrench_ta_main_messages
000aa47c   _APP_SD_au8CanadianFrench_ta_main_settings
000aa934   _APP_SD_au8CanadianFrench_ta_media_player
000aa624   _APP_SD_au8CanadianFrench_ta_menu_bt_help
000aa198   _APP_SD_au8CanadianFrench_ta_menu_call
000a9fbc   _APP_SD_au8CanadianFrench_ta_menu_cancel
000aa8b4   _APP_SD_au8CanadianFrench_ta_menu_delete
000aa2a4   _APP_SD_au8CanadianFrench_ta_menu_end
000aaaa4   _APP_SD_au8CanadianFrench_ta_menu_new_user
000aa78c   _APP_SD_au8CanadianFrench_ta_menu_no_nbr
000aab2c   _APP_SD_au8CanadianFrench_ta_menu_ok
000aacb8   _APP_SD_au8CanadianFrench_ta_menu_save
000aa248   _APP_SD_au8CanadianFrench_ta_menu_show
000aa2ac   _APP_SD_au8CanadianFrench_ta_menu_user
000aaf7c   _APP_SD_au8CanadianFrench_ta_menu_view
000aa09c   _APP_SD_au8CanadianFrench_ta_music_paused
000aa7c8   _APP_SD_au8CanadianFrench_ta_no_media_player_found
000aaf34   _APP_SD_au8CanadianFrench_ta_note_bt_acc_conn
000aa41c   _APP_SD_au8CanadianFrench_ta_note_bt_conn_impos
000aaf10   _APP_SD_au8CanadianFrench_ta_note_bt_conn_setup
000aaefc   _APP_SD_au8CanadianFrench_ta_note_bt_no_conn
000aa0d0   _APP_SD_au8CanadianFrench_ta_note_bt_passkey_err
000aadf8   _APP_SD_au8CanadianFrench_ta_note_call_estab_failed
000aa820   _APP_SD_au8CanadianFrench_ta_note_conf_not_poss
000aaa84   _APP_SD_au8CanadianFrench_ta_note_conn_err
000aaef0   _APP_SD_au8CanadianFrench_ta_note_conn_terminated
000aaf24   _APP_SD_au8CanadianFrench_ta_note_connected
000aab88   _APP_SD_au8CanadianFrench_ta_note_connecting_player
000aa844   _APP_SD_au8CanadianFrench_ta_note_copy_sms_failed
000aa8e0   _APP_SD_au8CanadianFrench_ta_note_delete_impos_phone_active
000aa5a4   _APP_SD_au8CanadianFrench_ta_note_deleted
000aad58   _APP_SD_au8CanadianFrench_ta_note_enter_cradle
000aa3b0   _APP_SD_au8CanadianFrench_ta_note_enter_number
000a9fcc   _APP_SD_au8CanadianFrench_ta_note_ignition
000aa4f0   _APP_SD_au8CanadianFrench_ta_note_info_call
000aabd0   _APP_SD_au8CanadianFrench_ta_note_invalid_number
000aa7a4   _APP_SD_au8CanadianFrench_ta_note_mailbox_no
000aa348   _APP_SD_au8CanadianFrench_ta_note_max_users
000aa170   _APP_SD_au8CanadianFrench_ta_note_missed_call
000aaa44   _APP_SD_au8CanadianFrench_ta_note_name_exists
000aaa58   _APP_SD_au8CanadianFrench_ta_note_name_stored
000aaa68   _APP_SD_au8CanadianFrench_ta_note_network_busy
000aaad4   _APP_SD_au8CanadianFrench_ta_note_new_pb_available
000aaab8   _APP_SD_au8CanadianFrench_ta_note_new_phone_found
000aaa94   _APP_SD_au8CanadianFrench_ta_note_new_sms
000aa324   _APP_SD_au8CanadianFrench_ta_note_new_user
000aa6d4   _APP_SD_au8CanadianFrench_ta_note_no_accessory
000aa694   _APP_SD_au8CanadianFrench_ta_note_no_act_device
000aa6e8   _APP_SD_au8CanadianFrench_ta_note_no_bt_conn_acc
000aa708   _APP_SD_au8CanadianFrench_ta_note_no_bt_conn_rsap
000aa674   _APP_SD_au8CanadianFrench_ta_note_no_bt_phone
000aa734   _APP_SD_au8CanadianFrench_ta_note_no_entries
000aa794   _APP_SD_au8CanadianFrench_ta_note_no_nbr
000aa77c   _APP_SD_au8CanadianFrench_ta_note_no_network
000aa74c   _APP_SD_au8CanadianFrench_ta_note_no_paired_dev
000aa6ac   _APP_SD_au8CanadianFrench_ta_note_no_phone
000aa9f8   _APP_SD_au8CanadianFrench_ta_note_no_rsap
000aa764   _APP_SD_au8CanadianFrench_ta_note_no_sms
000aa640   _APP_SD_au8CanadianFrench_ta_note_no_user
000aa378   _APP_SD_au8CanadianFrench_ta_note_number_busy
000aadd8   _APP_SD_au8CanadianFrench_ta_note_pb_load_error
000aae64   _APP_SD_au8CanadianFrench_ta_note_pb_loading_all
000aae1c   _APP_SD_au8CanadianFrench_ta_note_pb_not_complete
000aad2c   _APP_SD_au8CanadianFrench_ta_note_pb_refresh_impos
000aae3c   _APP_SD_au8CanadianFrench_ta_note_pbook_loading
000aad94   _APP_SD_au8CanadianFrench_ta_note_phone_initiated
000aa1f4   _APP_SD_au8CanadianFrench_ta_note_read_voice_tag
000aa9d4   _APP_SD_au8CanadianFrench_ta_note_reading_sms
000aaa1c   _APP_SD_au8CanadianFrench_ta_note_search_phones
000aa2dc   _APP_SD_au8CanadianFrench_ta_note_search_user
000aab64   _APP_SD_au8CanadianFrench_ta_note_searching_players
000aa520   _APP_SD_au8CanadianFrench_ta_note_service_call
000aac2c   _APP_SD_au8CanadianFrench_ta_note_service_not_supp
000aa980   _APP_SD_au8CanadianFrench_ta_note_sms_deleted
000aa990   _APP_SD_au8CanadianFrench_ta_note_sms_no_read
000aa8c0   _APP_SD_au8CanadianFrench_ta_note_sms_not_deleted
000aa574   _APP_SD_au8CanadianFrench_ta_note_sos_call
000aa1c0   _APP_SD_au8CanadianFrench_ta_note_stacks_cleared
000aac90   _APP_SD_au8CanadianFrench_ta_note_tag_no_memory
000aa364   _APP_SD_au8CanadianFrench_ta_note_user_connected
000aa5b0   _APP_SD_au8CanadianFrench_ta_note_user_deleted
000aa380   _APP_SD_au8CanadianFrench_ta_note_user_not_created
000aa4d8   _APP_SD_au8CanadianFrench_ta_note_visible
000aace8   _APP_SD_au8CanadianFrench_ta_note_voice_active
000aacd0   _APP_SD_au8CanadianFrench_ta_note_voice_not_ready
000aa208   _APP_SD_au8CanadianFrench_ta_note_voice_tag_reset
000aaf60   _APP_SD_au8CanadianFrench_ta_note_wait_reply
000aaafc   _APP_SD_au8CanadianFrench_ta_number
000aa290   _APP_SD_au8CanadianFrench_ta_off
000aa474   _APP_SD_au8CanadianFrench_ta_on
000aa054   _APP_SD_au8CanadianFrench_ta_pb_download
000aa1e8   _APP_SD_au8CanadianFrench_ta_pb_nametag
000aaf58   _APP_SD_au8CanadianFrench_ta_pb_sort_firstname
000aaa40   _APP_SD_au8CanadianFrench_ta_pb_sort_lastname
000aadc8   _APP_SD_au8CanadianFrench_ta_phone_book
000ab0e8   _APP_SD_au8CanadianFrench_ta_phone_no_answer
000aaea0   _APP_SD_au8CanadianFrench_ta_phone_search
000aaba0   _APP_SD_au8CanadianFrench_ta_private_call
000aaedc   _APP_SD_au8CanadianFrench_ta_query_connect
000a9ffc   _APP_SD_au8CanadianFrench_ta_query_del_act_device
000aa00c   _APP_SD_au8CanadianFrench_ta_query_del_act_user
000aa914   _APP_SD_au8CanadianFrench_ta_query_del_device
000aa080   _APP_SD_au8CanadianFrench_ta_query_delete_log
000aa9b4   _APP_SD_au8CanadianFrench_ta_query_delete_sms
000aa920   _APP_SD_au8CanadianFrench_ta_query_delete_user
000aa308   _APP_SD_au8CanadianFrench_ta_query_new_user
000aa064   _APP_SD_au8CanadianFrench_ta_query_terminate_conn
000aac54   _APP_SD_au8CanadianFrench_ta_query_visibility
000aaf50   _APP_SD_au8CanadianFrench_ta_read_out_sms
000aa5d0   _APP_SD_au8CanadianFrench_ta_replace
000aad20   _APP_SD_au8CanadianFrench_ta_search
000aac68   _APP_SD_au8CanadianFrench_ta_setting_signals
000aabfc   _APP_SD_au8CanadianFrench_ta_setting_tone
000aabb8   _APP_SD_au8CanadianFrench_ta_sms_call
000aac04   _APP_SD_au8CanadianFrench_ta_sms_concatenated
000aac1c   _APP_SD_au8CanadianFrench_ta_sms_time
000aac8c   _APP_SD_au8CanadianFrench_ta_sorting_order
000aa8a4   _APP_SD_au8CanadianFrench_ta_stack_clear
000aa894   _APP_SD_au8CanadianFrench_ta_stack_dialled
000aa114   _APP_SD_au8CanadianFrench_ta_stack_missed
000aa0c0   _APP_SD_au8CanadianFrench_ta_stack_received
000aaaf0   _APP_SD_au8CanadianFrench_ta_supp_not_possible
000aa240   _APP_SD_au8CanadianFrench_ta_sw_info
000aaec8   _APP_SD_au8CanadianFrench_ta_switch
000aaf74   _APP_SD_au8CanadianFrench_ta_tag_play
000aa284   _APP_SD_au8CanadianFrench_ta_tag_record
000a9f7c   _APP_SD_au8CanadianFrench_ta_time_am
000aa448   _APP_SD_au8CanadianFrench_ta_time_format
000a9f8c   _APP_SD_au8CanadianFrench_ta_time_pm
000a9fac   _APP_SD_au8CanadianFrench_ta_time_standard
000aa61c   _APP_SD_au8CanadianFrench_ta_time_value
000aa250   _APP_SD_au8CanadianFrench_ta_voice_tag_reset
000aaf8c   _APP_SD_au8CanadianFrench_ta_wait_bt_acc_search
000aa39c   _APP_SD_au8CanadianFrench_ta_wait_general
0009fd00   _APP_SD_au8Common_Error
000a1f3c   _APP_SD_au8Czech_call_head_register
000a1ff8   _APP_SD_au8Czech_head_audio_mode
000a2164   _APP_SD_au8Czech_head_bluetooth
000a2368   _APP_SD_au8Czech_head_device_list
000a23b0   _APP_SD_au8Czech_head_headset
000a27f4   _APP_SD_au8Czech_head_messages
000a2210   _APP_SD_au8Czech_head_settings
000a2044   _APP_SD_au8Czech_head_user
000a28a4   _APP_SD_au8Czech_new_sms
000a2300   _APP_SD_au8Czech_paired_head_devices
000a23cc   _APP_SD_au8Czech_ta_always
000a1fec   _APP_SD_au8Czech_ta_audio_mode
000a2b24   _APP_SD_au8Czech_ta_backspace
000a2dcc   _APP_SD_au8Czech_ta_bt_accessory
000a1dac   _APP_SD_au8Czech_ta_bt_active_device
000a2d00   _APP_SD_au8Czech_ta_bt_disconnect
000a23a8   _APP_SD_au8Czech_ta_bt_headset
000a2170   _APP_SD_au8Czech_ta_bt_no_conn_headset
000a2cd0   _APP_SD_au8Czech_ta_bt_own_name
000a22ec   _APP_SD_au8Czech_ta_bt_paired_devices
000a2d08   _APP_SD_au8Czech_ta_bt_rename
000a2aa4   _APP_SD_au8Czech_ta_bt_visibility
000a1e68   _APP_SD_au8Czech_ta_call_accept
000a1eb4   _APP_SD_au8Czech_ta_call_call1
000a1ec4   _APP_SD_au8Czech_ta_call_call2
000a1cfc   _APP_SD_au8Czech_ta_call_diverted
000a21f4   _APP_SD_au8Czech_ta_call_dtmf
000a2008   _APP_SD_au8Czech_ta_call_end
000a2384   _APP_SD_au8Czech_ta_call_end_active
000a1e2c   _APP_SD_au8Czech_ta_call_end_all
000a222c   _APP_SD_au8Czech_ta_call_handsfree
000a239c   _APP_SD_au8Czech_ta_call_hold
000a23d4   _APP_SD_au8Czech_ta_call_info
000a275c   _APP_SD_au8Czech_ta_call_micro_off
000a276c   _APP_SD_au8Czech_ta_call_micro_on
000a1d28   _APP_SD_au8Czech_ta_call_reject
000a1dc0   _APP_SD_au8Czech_ta_call_resume
000a2968   _APP_SD_au8Czech_ta_call_service
000a267c   _APP_SD_au8Czech_ta_call_silent
000a297c   _APP_SD_au8Czech_ta_call_sos
000a2720   _APP_SD_au8Czech_ta_call_swap
000a25d8   _APP_SD_au8Czech_ta_call_waiting
000a2954   _APP_SD_au8Czech_ta_calls_only
000a262c   _APP_SD_au8Czech_ta_conference
000a2f2c   _APP_SD_au8Czech_ta_confirm_pw_in_device
000a2f18   _APP_SD_au8Czech_ta_confirm_pw_with_OK
000a2d20   _APP_SD_au8Czech_ta_connect
000a21e8   _APP_SD_au8Czech_ta_date_value
000a2394   _APP_SD_au8Czech_ta_disconnected
000a1ed4   _APP_SD_au8Czech_ta_end_call
000a265c   _APP_SD_au8Czech_ta_err_load_phonebook
000bfb00   _APP_SD_au8Czech_ta_find_mailbox_1
000bfb14   _APP_SD_au8Czech_ta_find_mailbox_2
000bfb24   _APP_SD_au8Czech_ta_find_mailbox_3
000bfb30   _APP_SD_au8Czech_ta_find_mailbox_4
000bfb38   _APP_SD_au8Czech_ta_find_mailbox_5
000a2238   _APP_SD_au8Czech_ta_function_restriction
000a1d9c   _APP_SD_au8Czech_ta_head_active_tone
000a1ea4   _APP_SD_au8Czech_ta_head_call
000a1ebc   _APP_SD_au8Czech_ta_head_call1
000a1ecc   _APP_SD_au8Czech_ta_head_call2
000a1d8c   _APP_SD_au8Czech_ta_head_call_active
000a1ee4   _APP_SD_au8Czech_ta_head_call_hold
000a2a14   _APP_SD_au8Czech_ta_head_call_setup
000a1f08   _APP_SD_au8Czech_ta_head_call_waiting
000a1f1c   _APP_SD_au8Czech_ta_head_calls
000a25e0   _APP_SD_au8Czech_ta_head_conference
000a25ec   _APP_SD_au8Czech_ta_head_conference_hold
000a21d8   _APP_SD_au8Czech_ta_head_datacall
000a2050   _APP_SD_au8Czech_ta_head_delete_user
000a2934   _APP_SD_au8Czech_ta_head_dial_nbr
000a21f8   _APP_SD_au8Czech_ta_head_dtmf
000a221c   _APP_SD_au8Czech_ta_head_faxcall
000a1eac   _APP_SD_au8Czech_ta_head_incoming_call
000a2b88   _APP_SD_au8Czech_ta_head_mailbox
000a2740   _APP_SD_au8Czech_ta_head_media_player
000a1f64   _APP_SD_au8Czech_ta_head_nametag
000a2a44   _APP_SD_au8Czech_ta_head_number
000a2028   _APP_SD_au8Czech_ta_head_options
000a298c   _APP_SD_au8Czech_ta_head_passkey
000a2bcc   _APP_SD_au8Czech_ta_head_phone
000a2c24   _APP_SD_au8Czech_ta_head_phone_book
000a2ce0   _APP_SD_au8Czech_ta_head_phone_name
000a29f0   _APP_SD_au8Czech_ta_head_private_call
000a1fbc   _APP_SD_au8Czech_ta_head_reset_voice_tag
000a2ad8   _APP_SD_au8Czech_ta_head_setting_signals
000a277c   _APP_SD_au8Czech_ta_head_sms
000a27bc   _APP_SD_au8Czech_ta_head_sms_from
000a2aec   _APP_SD_au8Czech_ta_head_sorting_order
000a268c   _APP_SD_au8Czech_ta_head_stack_dialled
000a1e84   _APP_SD_au8Czech_ta_head_stack_missed
000a1e74   _APP_SD_au8Czech_ta_head_stack_received
000a207c   _APP_SD_au8Czech_ta_head_user
000a2dfc   _APP_SD_au8Czech_ta_help_text
000a2ef4   _APP_SD_au8Czech_ta_list_back
000a2158   _APP_SD_au8Czech_ta_main_bluetooth
000a1f2c   _APP_SD_au8Czech_ta_main_callstacks
000a2944   _APP_SD_au8Czech_ta_main_dial
000a2b78   _APP_SD_au8Czech_ta_main_mailbox
000a2754   _APP_SD_au8Czech_ta_main_menu
000a27e4   _APP_SD_au8Czech_ta_main_messages
000a2204   _APP_SD_au8Czech_ta_main_settings
000a2730   _APP_SD_au8Czech_ta_media_player
000a23c0   _APP_SD_au8Czech_ta_menu_bt_help
000a1f24   _APP_SD_au8Czech_ta_menu_call
000a1d20   _APP_SD_au8Czech_ta_menu_cancel
000a26b8   _APP_SD_au8Czech_ta_menu_delete
000a2030   _APP_SD_au8Czech_ta_menu_end
000a28d4   _APP_SD_au8Czech_ta_menu_new_user
[...]
000b0d38   _APP_SD_au8USSpanish_ta_note_mailbox_no
000b0d60   _APP_SD_au8USSpanish_ta_no_media_player_found
000b0d88   _APP_SD_au8USSpanish_ta_call_waiting
000b0d94   _APP_SD_au8USSpanish_ta_head_conference
000b0da4   _APP_SD_au8USSpanish_ta_head_conference_hold
000b0dbc   _APP_SD_au8USSpanish_ta_note_conf_not_poss
000b0de0   _APP_SD_au8USSpanish_ta_conference
000b0df0   _APP_SD_au8USSpanish_ta_note_copy_sms_failed
000b0e08   _APP_SD_au8USSpanish_ta_err_load_phonebook
000b0e2c   _APP_SD_au8USSpanish_ta_call_silent
000b0e34   _APP_SD_au8USSpanish_ta_head_stack_dialled
000b0e44   _APP_SD_au8USSpanish_ta_stack_dialled
000b0e54   _APP_SD_au8USSpanish_ta_stack_clear
000b0e64   _APP_SD_au8USSpanish_ta_menu_delete
000b0e6c   _APP_SD_au8USSpanish_ta_note_sms_not_deleted
000b0e84   _APP_SD_au8USSpanish_ta_note_delete_impos_phone_active
000b0eb0   _APP_SD_au8USSpanish_ta_query_del_device
000b0ebc   _APP_SD_au8USSpanish_ta_query_delete_user
000b0ec8   _APP_SD_au8USSpanish_ta_call_swap
000b0ed8   _APP_SD_au8USSpanish_ta_media_player
000b0ee8   _APP_SD_au8USSpanish_ta_head_media_player
000b0ef8   _APP_SD_au8USSpanish_ta_main_menu
000b0f00   _APP_SD_au8USSpanish_ta_call_micro_off
000b0f14   _APP_SD_au8USSpanish_ta_call_micro_on
000b0f24   _APP_SD_au8USSpanish_ta_head_sms
000b0f2c   _APP_SD_au8USSpanish_ta_note_sms_deleted
000b0f3c   _APP_SD_au8USSpanish_ta_note_sms_no_read
000b0f58   _APP_SD_au8USSpanish_ta_query_delete_sms
000b0f68   _APP_SD_au8USSpanish_ta_head_sms_from
000b0f74   _APP_SD_au8USSpanish_ta_note_reading_sms
000b0f8c   _APP_SD_au8USSpanish_ta_main_messages
000b0f94   _APP_SD_au8USSpanish_head_messages
000b0f9c   _APP_SD_au8USSpanish_ta_note_no_rsap
000b0fbc   _APP_SD_au8USSpanish_ta_note_search_phones
000b0fe0   _APP_SD_au8USSpanish_ta_pb_sort_lastname
000b0fec   _APP_SD_au8USSpanish_ta_note_name_exists
000b1000   _APP_SD_au8USSpanish_ta_note_name_stored
000b1010   _APP_SD_au8USSpanish_ta_note_network_busy
000b101c   _APP_SD_au8USSpanish_new_sms
000b1028   _APP_SD_au8USSpanish_ta_note_conn_err
000b1038   _APP_SD_au8USSpanish_ta_note_new_sms
000b1048   _APP_SD_au8USSpanish_ta_menu_new_user
000b1058   _APP_SD_au8USSpanish_ta_note_new_phone_found
000b1070   _APP_SD_au8USSpanish_ta_note_new_pb_available
000b1088   _APP_SD_au8USSpanish_ta_supp_not_possible
000b1094   _APP_SD_au8USSpanish_ta_number
000b109c   _APP_SD_au8USSpanish_ta_head_dial_nbr
000b10a8   _APP_SD_au8USSpanish_ta_main_dial
000b10b4   _APP_SD_au8USSpanish_ta_calls_only
000b10c4   _APP_SD_au8USSpanish_ta_menu_ok
000b10c8   _APP_SD_au8USSpanish_ta_call_service
000b10dc   _APP_SD_au8USSpanish_ta_call_sos
000b10ec   _APP_SD_au8USSpanish_ta_head_passkey
000b10f8   _APP_SD_au8USSpanish_ta_note_searching_players
000b1118   _APP_SD_au8USSpanish_ta_note_connecting_player
000b1134   _APP_SD_au8USSpanish_ta_private_call
000b1144   _APP_SD_au8USSpanish_ta_head_private_call
000b1154   _APP_SD_au8USSpanish_ta_sms_call
000b115c   _APP_SD_au8USSpanish_ta_head_call_setup
000b1164   _APP_SD_au8USSpanish_ta_note_invalid_number
000b1184   _APP_SD_au8USSpanish_ta_head_number
000b118c   _APP_SD_au8USSpanish_ta_setting_tone
000b119c   _APP_SD_au8USSpanish_ta_sms_concatenated
000b11b4   _APP_SD_au8USSpanish_ta_sms_time
000b11c4   _APP_SD_au8USSpanish_ta_note_service_not_supp
000b11dc   _APP_SD_au8USSpanish_ta_bt_visibility
000b11e8   _APP_SD_au8USSpanish_ta_query_visibility
000b1200   _APP_SD_au8USSpanish_ta_setting_signals
000b1210   _APP_SD_au8USSpanish_ta_head_setting_signals
000b1220   _APP_SD_au8USSpanish_ta_head_sorting_order
000b1228   _APP_SD_au8USSpanish_ta_sorting_order
000b1230   _APP_SD_au8USSpanish_ta_note_tag_no_memory
000b1250   _APP_SD_au8USSpanish_ta_menu_save
000b1258   _APP_SD_au8USSpanish_ta_backspace
000b1260   _APP_SD_au8USSpanish_ta_note_voice_not_ready
000b1284   _APP_SD_au8USSpanish_ta_note_voice_active
000b12a0   _APP_SD_au8USSpanish_ta_main_mailbox
000b12b0   _APP_SD_au8USSpanish_ta_head_mailbox
000b12c0   _APP_SD_au8USSpanish_ta_search
000b12cc   _APP_SD_au8USSpanish_ta_note_pb_refresh_impos
000b12f4   _APP_SD_au8USSpanish_ta_head_phone
000b1300   _APP_SD_au8USSpanish_ta_note_enter_cradle
000b1330   _APP_SD_au8USSpanish_ta_note_phone_initiated
000b1350   _APP_SD_au8USSpanish_ta_phone_book
000b135c   _APP_SD_au8USSpanish_ta_head_phone_book
000b1364   _APP_SD_au8USSpanish_ta_note_pb_load_error
000b1388   _APP_SD_au8USSpanish_ta_note_call_estab_failed
000b13a8   _APP_SD_au8USSpanish_ta_note_pb_not_complete
000b13d0   _APP_SD_au8USSpanish_ta_note_pbook_loading
000b13f0   _APP_SD_au8USSpanish_ta_note_pb_loading_all
000b140c   _APP_SD_au8USSpanish_ta_bt_own_name
000b141c   _APP_SD_au8USSpanish_ta_head_phone_name
000b142c   _APP_SD_au8USSpanish_ta_phone_search
000b143c   _APP_SD_au8USSpanish_ta_bt_disconnect
000b1448   _APP_SD_au8USSpanish_ta_bt_rename
000b1454   _APP_SD_au8USSpanish_ta_switch
000b145c   _APP_SD_au8USSpanish_ta_connect
000b1464   _APP_SD_au8USSpanish_ta_query_connect
000b1478   _APP_SD_au8USSpanish_ta_note_conn_terminated
000b1490   _APP_SD_au8USSpanish_ta_note_bt_no_conn
000b14a4   _APP_SD_au8USSpanish_ta_note_bt_conn_setup
000b14b4   _APP_SD_au8USSpanish_ta_note_connected
000b14c4   _APP_SD_au8USSpanish_ta_note_bt_acc_conn
000b14e8   _APP_SD_au8USSpanish_ta_read_out_sms
000b14f4   _APP_SD_au8USSpanish_ta_pb_sort_firstname
000b14fc   _APP_SD_au8USSpanish_ta_note_wait_reply
000b1514   _APP_SD_au8USSpanish_ta_tag_play
000b151c   _APP_SD_au8USSpanish_ta_menu_view
000b1524   _APP_SD_au8USSpanish_ta_bt_accessory
000b1530   _APP_SD_au8USSpanish_ta_wait_bt_acc_search
000b1550   _APP_SD_au8USSpanish_ta_help_text
000b1634   _APP_SD_au8USSpanish_ta_list_back
000b163c   _APP_SD_au8USSpanish_ta_phone_no_answer
000b1658   _APP_SD_au8USSpanish_ta_confirm_pw_with_OK
000b1670   _APP_SD_au8USSpanish_ta_confirm_pw_in_device
000b1694   _APP_SD_a2stStaticTexts
000bae94   _APP_SD_a2stStaticTextLens
000bfa94   _APP_SD_au8English_ta_find_mailbox_1
000bfaa0   _APP_SD_au8English_ta_find_mailbox_2
000bfaa8   _APP_SD_au8English_ta_find_mailbox_3
000bfab8   _APP_SD_au8English_ta_find_mailbox_4
000bfac4   _APP_SD_au8German_ta_find_mailbox_1
000bfad4   _APP_SD_au8German_ta_find_mailbox_2
000bfadc   _APP_SD_au8German_ta_find_mailbox_3
000bfaf0   _APP_SD_au8German_ta_find_mailbox_4
000bfb00   _APP_SD_au8Czech_ta_find_mailbox_1
000bfb14   _APP_SD_au8Czech_ta_find_mailbox_2
000bfb24   _APP_SD_au8Czech_ta_find_mailbox_3
000bfb30   _APP_SD_au8Czech_ta_find_mailbox_4
000bfb38   _APP_SD_au8Czech_ta_find_mailbox_5
000bfb40   _APP_SD_au8Spanish_ta_find_mailbox_1
000bfb50   _APP_SD_au8Spanish_ta_find_mailbox_2
000bfb60   _APP_SD_au8Italian_ta_find_mailbox_1
000bfb70   _APP_SD_au8French_ta_find_mailbox_1
000bfb84   _APP_SD_au8French_ta_find_mailbox_2
000bfb94   _APP_SD_au8Portugese_ta_find_mailbox_1
000bfba8   _APP_SD_au8USEnglish_ta_find_mailbox_1
000bfbb4   _APP_SD_au8USEnglish_ta_find_mailbox_2
000bfbbc   _APP_SD_au8USEnglish_ta_find_mailbox_3
000bfbcc   _APP_SD_au8USEnglish_ta_find_mailbox_4
000bfbd8   _APP_SD_au8Russian_ta_find_mailbox_1
000bfbf4   _APP_SD_au8CanadianFrench_ta_find_mailbox_1
000bfc08   _APP_SD_au8CanadianFrench_ta_find_mailbox_2
000bfc18   _APP_SD_au8Dutch_ta_find_mailbox_1
000bfc24   _APP_SD_au8Dutch_ta_find_mailbox_2
000bfc2c   _APP_SD_au8Dutch_ta_find_mailbox_3
000bfc3c   _APP_SD_au8Dutch_ta_find_mailbox_4
000bfc48   _APP_SD_au8Swedish_ta_find_mailbox_1
000bfc58   _APP_SD_au8Swedish_ta_find_mailbox_2
000bfc64   _APP_SD_au8Swedish_ta_find_mailbox_3
000bfc74   _APP_SD_au8Swedish_ta_find_mailbox_4
000bfc84   _APP_SD_au8Turkish_ta_find_mailbox_1
000bfc90   _APP_SD_au8Turkish_ta_find_mailbox_2
000bfc9c   _APP_SD_au8Turkish_ta_find_mailbox_3
000bfcac   _APP_SD_au8Turkish_ta_find_mailbox_4
000bfcb8   _APP_SD_au8Norwegian_ta_find_mailbox_1
000bfcc8   _APP_SD_au8Norwegian_ta_find_mailbox_2
000bfcd4   _APP_SD_au8Norwegian_ta_find_mailbox_3
000bfce4   _APP_SD_au8Norwegian_ta_find_mailbox_4
000bfcf4   _APP_SD_au8Polish_ta_find_mailbox_1
000bfd04   _APP_SD_au8Polish_ta_find_mailbox_2
000bfd0c   _APP_SD_au8Polish_ta_find_mailbox_3
000bfd20   _APP_SD_au8Polish_ta_find_mailbox_4
000bfd2c   _APP_SD_au8USSpanish_ta_find_mailbox_1
000bfd3c   _APP_SD_au8USSpanish_ta_find_mailbox_2
00400000   _Set_FlashRequest_Paddern
00400000   _r_F_REQUEST
00400004   ___bss__
00400004   .bss
00400004   _BAP_LsgRamTable
0040003c   _BAP_BplRamTable
0040007c   _BAP_BplHeartbeatTimerTable
00400084   _BCL_RxBuffer1
00400090   _BCL_RxBuffer2
0040009c   _BCL_RxBuffer3
00400160   _BCL_RxBuffer4
0040018e   _BCL_RxBuffer5
00400198   _BCL_RxBuffer6
004001a4   _BCL_RxBuffer7
004001b0   _BCL_RxBuffer8
004001bc   _BCL_RxBuffer9
004001c8   _BCL_RxBuffer10
00400202   _BCL_RxBuffer11
00400230   _BCL_RxBuffer12
0040023a   _BCL_RxBuffer13
00400248   _BCL_RxBuffer14
00400598   _BCL_RxBuffer15
004005a0   _BCL_RxBuffer16
004005a8   _BCL_RxBuffer17
004005b6   _BCL_RxBuffer18
004005c2   _BCL_RxBuffer19
004005cc   _BCL_RxBuffer20
004005d6   _BCL_RxBuffer21
004005de   _BCL_RxBuffer22
004005e6   _BCL_TxBuffer1
004006ca   _BCL_TxBuffer2
004006d6   _BCL_TxBuffer3
004006e4   _BCL_TxBuffer4
004006ec   _BCL_TxBuffer5
004006f6   _BCL_TxBuffer6
004006fe   _BCL_TxBuffer7
0040070c   _BCL_TxBuffer8
00400920   _BCL_TxBuffer9
004009a8   _BCL_TxBuffer10
004009b0   _BCL_TxBuffer11
004009b8   _BCL_TxBuffer12
004009e6   _BCL_TxBuffer13
004009ee   _BCL_TxBuffer14
004009f6   _BCL_TxBuffer15
00400a04   _BCL_TxBuffer16
00400de4   _BCL_TxBuffer17
00400dea   _BCL_TxBuffer18
00400df0   _BCL_TxBuffer19
00400df6   _BCL_TxBuffer20
00400dfc   _BCL_TxBuffer21
00400e02   _BCL_TxBuffer22
00400e0a   _BCL_TxBuffer23
00400e12   _BCL_TxBuffer24
00400e18   _BCL_TxBuffer25
00400e1e   _BCL_TxBuffer26
00400e24   _BCL_TxBuffer27
00400e2a   _BCL_TxBuffer28
00400e30   _BCL_TxBuffer29
00400e36   _BCL_TxBuffer30
00400e8c   _BCL_TxBuffer31
00400e98   _BCL_TxBuffer32
00400ea6   _BCL_TxBuffer33
00400eae   _BCL_TxBuffer34
00400eb6   _BCL_TxBuffer35
00400ebe   _BCL_TxBuffer36
00400ecc   _BCL_TxBuffer37
00400ed6   _BCL_TxBuffer38
004011be   _BCL_TxBuffer39
004014a6   _BCL_TxBuffer40
0040178e   _BCL_TxBuffer41
00401798   _BCL_TxBuffer42
00401da8   _BCL_TxBuffer43
00401db2   _BCL_TxBuffer44
00401de0   _BCL_TxBuffer45
00401de6   _BCL_TxBuffer46
00401df0   _BCL_TxBuffer47
004021aa   _BCL_TxBuffer48
004021b0   _BCL_TxBuffer49
004021e2   _BCL_TxBuffer50
004021ee   _BCL_TxBuffer51
004021fc   _BCL_TxBuffer52
00402204   _BCL_TxBuffer53
0040220c   _BCL_TxBuffer54
00402214   _BCL_TxBuffer55
0040221c   _BCL_TxBuffer56
0040222a   _BCL_TxBuffer57
00402236   _BCL_TxBuffer58
004024ea   _BCL_TxBuffer59
004024f2   _BCL_TxBuffer60
004024fc   _BCL_TxBuffer61
00402504   _BCL_TxBuffer62
004026fe   _BCL_TxBuffer63
0040270a   _BCL_TxBuffer64
00402718   _BCL_TxBuffer65
00402720   _BCL_TxBuffer66
00402728   _BCL_TxBuffer67
00402730   _BCL_TxBuffer68
0040273e   _BCL_TxBuffer69
00402764   _BCL_TxBuffer70
0040276c   _BCL_TxBuffer71
00402774   _BCL_TxBuffer72
0040277e   _BCL_TxBuffer73
00402786   _BCL_TxBuffer74
0040278e   _BCL_TxBuffer75
0040282c   _BCL_TxBuffer76
00402944   _BAP_InhibitRamTable
00402964   _BAP_u16InterTelegramTimerTable
00402980   _BAP_u16CanTxSegmentationTable
00402a1c   _BAP_u16CanRxSegmentationTable
00402a54   _BAP_CanTxSegmentationChannels
00402aa4   _BAP_CanRxSegmentationChannels
00402ad4   _BAP_CanRxRingBuffer
00402b2c   _BAP_u8CanRxRingBufferReadOffset
00402b2d   _BAP_u8CanRxRingBufferWriteOffset
00402b30   _BAP_pLsgRomTable
00402b40   _POOL_stATRspAllType
00402ce8   _POOL_stATRspCallStatValType
00402dd8   _POOL_stAppSdEventQueueType
00402e50   _POOL_stBapArrayHeader
00402e74   _POOL_stBapDispAckQueueElem
00402ec4   _POOL_stBapDispAckQueuePayloadType
00403e44   _POOL_stBapIndDataTypeAppMdi
00403f20   _POOL_stBapIndDataTypeAppPB
00404060   _POOL_stBapIndDataTypeAppPBLarge
004043b8   _POOL_stBapIndDataTypeAppPhone
004045c0   _POOL_stBapIndDataTypeKpb
00404610   _POOL_stBapReqDataType
00404c20   _POOL_stVCRPerfMeasCmdType
0040546c   _poolGenControl
00405508   _osAlarmTime
004055d8   _osAlarmActivated
0040560c   _osAlarmHeap
00405678   _osAlarmCycleTime
00405748   _osQReadyTask
00405764   _osQReadyPrios
00405768   _osTcbTaskState
00405770   _osTcbSP
00405788   _osResSavedPrio
00405798   _osResOccupationCounter
004057a0   _osResActualTask
004057b0   _osTcbWaitEventMask
004057c8   _osTcbSetEventMask
004057e0   _osSystemStack
004058a8   _osSupervisorStack
00405970   _osIrqStack
00405aec   _osTaskStack0
00405cb8   _osTaskStack1
00406294   _osTaskStack2
00406384   _osTaskStack3
00406514   _osTaskStack4
00406640   _osTaskStack5
00406708   _gKpbContext
00406750   _gKpbFrameBuffer
00406bf6   _gKpbLastFrameDataSent
004070d4   _MOD_KPB_Protocol_ErrorCounter
004070d7   __ATCMD_bPbRequestIsVCR
0040798c   _msgButtonStateInfoUsrData
004079d0   _msgPhoneBapRequestUsrData
00407a18   _msgPhoneBookBapRequestUsrData
00407a60   _msgMdiBapRequestUsrData
00407a6c   _msgPwrmgrStateUsrData
00407ac4   _msgKpbBapRequestUsrData
00407ad0   _msgAppDiagDiagnoseResponseUsrData
00407b8e   _msgAppDiagDiagnoseRequestUsrData
00407c60   _msgTelefonStatesUsrData
00407c84   _msgHostTaskASRStatusUsrData
00407d60   _RecLogiButMan_ButtonInfo
00407d65   _SentPhyButDriver_ButtonInfo
00407d6c   _SentPhoneBapIndQueue
00407d78   _RecPhoneBapIndQueue
00407d84   _RecPhoneBapReqQueue
00407d90   _SentPhoneBapReqQueue
00407d9c   _SentPhoneBookBapIndQueue
00407da8   _RecPhoneBookBapIndQueue
00407db4   _RecPhoneBookBapReqQueue
00407dc0   _SentPhoneBookBapReqQueue
00407dcc   _SentMdiBapIndQueue
00407dd8   _RecMdiBapIndQueue
00407de4   _RecMdiBapReqQueue
00407df0   _SentMdiBapReqQueue
00407dfc   _RecPWMGR_enVoltageStates
00407dfd   _SentPWMGR_enVoltageStates
00407e00   _SentBSGmessageType
00407e04   _RecBSGmessageType
00407e08   _SentAPP_CAN_MsgStates
00407e0b   _recAPP_CAN_MsgStates
00407e10   _SentBapIndicationQueue
00407e1c   _RecBapIndicationQueue
00407e28   _RecBapReqQueue
00407e34   _SentBapRequestQueue
00407e40   _RecAppDiagResp
00407efe   _SentAppDiagResp
00407fbc   _SentAppDiagReq
0040807a   _RecAppDiagReq
00408138   _SentMflKeyCodeType
0040813d   _RecMflKeyCodeType
00408142   _RecTelMuteBehaviorType
00408166   _SentTelMuteBehaviorType
0040818c   _RecVCRPerfMeasStatusMsgType
00408194   _SentVCRPerfMeasStatusMsgType
0040819c   _RecCSHDL_enSystemStates
0040819d   _SentCSHDL_enSystemStates
004081a0   _RecApplATResponse
004081a8   _SentApplATResponse
004081c4   _gAppSdContext
00408880   _gFrameData
00408904   __ERM_stBTDeviceTable
00408bfc   __ERM_stPhyDevTable
00408e7c   __ERM_stUserTable
00408f7c   __ERM_stPlayerHeadsetTable
00408fa4   __ERM_stActiveProfileList
00408fb8   _gAppPBContext
0040964a   __VCR_gData
00409c1a   _BAP_u16TaskTimeCounter
00409c30   __ERM_gContext
00409ff8   _EEPROM_au8DataBlock
0040a238   _eReadInProgress
0040a23a   _uwBufSize
0040a23d   _ubSecState
0040a23e   _ubResponseFromAppTask
0040a23f   _u8Service86DataValuesInitStatus
0040a240   _u8Service86DataValues
0040a244   _u8Service86DataValuesDTC
0040a2c0   __SDS_UDS_u8UserProfile
0040a2c2   __SDS_UDS_stResponsePacketToVas
0040a380   __SDS_UDS_stRequestPacketFromVas
0040a43e   __SDS_UDS_bResetOfAdaptionValuesState
0040a442   __SDS_UDS_u8Service31_BasicSettingsStatus
0040a444   __SDS_UDS_u16TimerBasicSettings
0040a446   _u8PhoneNumberLength
0040a447   _logBlockState
0040a448   _ub_RequestPending22
0040a460   _gListBuffer
0040a640   _gAppMdiContext
0040a7d0   _gAppMdiJobTable
0040a7f8   _parserRxMsgBuffer
0040a988   _parserRxMsgCount
0040ab15   __VCR_eDefaultLanguage
0040ab18   _gAppSmsContext
0040aee4   _DEH_EventBuffer
0040af4a   _DEH_stCANEventBit_mb
0040af4b   _DEH_stWarnLamp_mu8
0040af60   _MsgBuf
0040b1fd   __SDS_UDS_bStopCommunicationMessages
0040b1fe   __SDS_UDS_u8ResetToFactory
0040b200   _DTC_Maskiert
0040b2c0   _u8DTC_Maskierung
0040b2c8   _SDS_UDS_u8DTC_Mask_Counter
0040b2cb   _BAP_bInterTelegramTimerRunning
0040b2cc   _gAppPhoneContext
0040b4fc   _EE_EventMemoryBlockArray
0040b590   _DEH_FreezeFrameTable
0040b5a0   _canRxInfoStruct
0040b5b0   _canRxHandle
0040b5b4   _CanConfirmationFlags
0040b5b6   _CanIndicationFlags
0040b5f4   _canTempCanObj
0040b604   _canTempPreTransmitObj
0040b624   _canRDSRxPtr
0040b628   _canRDSTxPtr
0040b630   _gAppPBBapContext
0040b694   _gAppDeviceContext
0040b6ec   _gAppPhoneBapContext
0040b77a   _wakeupReason
0040b780   _missedMessages
0040b784   _WatchMessageTimer
0040b788   _canMsgStates
0040b7bc   _cshdlGesamtSystemState
0040b7bd   _cshdlCANState
0040b7be   _cshdlCK5050State
0040b7d8   _cshdlCanSignalInfo
0040b7f8   _gAudioManagerContext
0040b864   _EEPROM_LAYOUT_bAllBlocksEmpty
0040b8a4   _zeroString
0040b8bc   _firstCANframe
0040b90c   _s_TpVars
0040b930   _osActiveTaskPrio
0040b932   _osHighReadyTaskPrio
0040b934   _osActiveTaskIndex
0040b936   _osHighReadyTaskIndex
0040b938   _osStartDispatcher
0040b939   _osIntNestingDepth
0040b93a   _osIntSaveDisableCounter
0040b93c   _osLastActiveTaskIndex
0040b93e   _osIntAPIStatus
0040b93f   _osResGlobalOccupationCounter
0040b940   _osSystemCounter
0040b944   _osLockDispatcher
0040b945   _osSavedIntLevel
0040b946   _osSavedIntLevelNested
0040b947   _osErrorFlag
0040b948   _osAlarmHeapCount
0040b94a   _osLastError
0040b94c   _osLastErrorCode
0040b94d   _osSavedGlobalInt
0040b94e   _osSavedIntGlobalNested
0040b94f   _osIntSaveDisableCounterGlobal
0040b990   _EEMonitorControl
0040b9c8   _EEHostControl
0040b9e0   _BAPIsShutDown
0040b9e1   _BusOffDebounceTimeCounter
0040b9fc   _EEAppTaskControl
0040ba2c   __SDS_UDS_au8FingerprintValue
0040ba34   __SDS_UDS_au8ProgrammingDate
0040ba3e   _ub_RequestPending
0040ba40   _ubCounterResponseFromAppTask
0040ba6c   _pVersionInfo
0040ba72   _psDummyVersionInfo
0040ba84   _nmSendMess
0040baa4   _TimerSecurity
0040baa8   _RandomCounter
0040bad8   _BAP_DBG_DebugInfoTable
0040baf8   _FatalOsekErrorOccured
0040bafc   _FatalOsekErrorCode
0040bafe   _FatalOsekguiError
0040bb02   _gAppMdiBapContext
0040bb18   _u8_HighSpeedBarringOn
0040bb1a   _vehicleSpeed
0040bb1c   _errno
0040bb24   _ISO_Telefon_Resp
0040bb2c   _mASR5_String3
0040bb34   _mASR4_String2
0040bb3c   _mASR3_String1
0040bb44   _mASR2_String0
0040bb4c   _mASR1_TypeInfo
0040bb54   _mASR0_Status
0040bb58   _BAP_Debug_Data
0040bb5f   _BAP_Telefon_02
0040bb67   _BAP_Telefon_01
0040bb6f   _BAP_Telefon_04
0040bb77   _mTelefon_3
0040bb7e   _BAP_Telefon_03
0040bb86   _BAP_MDI_02
0040bb8e   _mASR7_Param_Feedback
0040bb96   _mASR6_Param_Request
0040bb9e   _BAP_Debug_Cmd
0040bba0   _BAP_ASG_03
0040bba2   _BAP_ASG_06
0040bba4   _BAP_ASG_07
0040bba6   _mRadio_4
0040bba7   _mDiagnose_1
0040bbaf   _mSollverbau_neu
0040bbb7   _mGateway_3
0040bbb9   _mSysteminfo_1
0040bbc0   _mMFL_Tasten
0040bbc4   _MFL_Tasten_Kon_01
0040bbc8   _mBSG_3
0040bbc9   _mBSG_2
0040bbcf   _mGW_Kombi
0040bbd2   _mBSG_Kombi
0040bbd9   _mLSM_1
0040bbde   _mAirbag_1
0040bc02   ___end__
0040bc02   end
00800000   _e_HETPROGRAM0_UN
fff7d000   _e_CAN2_ST
fff7d200   _e_CAN2_MB_PST
fff7d400   _e_SPI1_ST
fff7d500   _e_SPI2_ST
fff7d600   _e_SPI3_ST
fff7d700   _e_SPI4_ST
fff7e400   _e_CAN0_MB_PST
fff7e600   _e_CAN1_MB_PST
fff7e800   _e_CAN0_ST
fff7ea00   _e_CAN1_ST
fff7ec00   _e_GIO_ST
fff7f000   _e_ADC0_ST
fff7f400   _e_SCI0_ST
fff7f500   _e_SCI1_ST
fff7f800   _e_SPI0_ST
fff7fc00   _e_HET0_ST
fffff800   _e_DMACP_PST
fffffd00   _stMmc
fffffe00   _stAddrMan
fffffe80   _e_DMA_ST
ffffff00   _stRti
ffffff20   _e_SARCIM_ST
ffffffd0   _stSys
ffffffff   pinit
ffffffff   ___c_args__
ffffffff   ___pinit__
ffffffff   ___binit__
ffffffff   binit

[6250 symbols]
