******************************************************************************
             TMS470 COFF Linker PC Version 2.71                
******************************************************************************
>> Linked Wed Jul 07 11:06:58 2010

OUTPUT FILE NAME:   <../05_out/ADLATUS_FSW_cc_TMS470_VW_UDS.out>
ENTRY POINT SYMBOL: "_c_int00"  address: 00013258


MEMORY CONFIGURATION

                  name            origin    length      used    attr    fill
         ----------------------  --------  ---------  --------  ----  --------
         VECTORS2                00008000   00000024  00000024  R IX
         ASW                     00008024   00003fdb  00000fde  R IX
         ROMWDT                  0000c000   00000370  00000134  R IX
         ROMHAL                  0000c400   000000a0  00000054  R IX
         RANGE1                  00010000   00008000  00008000  R IX  88888888
         ROMCONST                00018000   00000100  00000000  R IX
         ROMEXEC                 00018100   00000f00  00000000  R IX
         RANGE2                  00019000   00007000  00007000  R IX  99999999
         RANGE3                  00020000   00008000  00008000  R IX  aaaaaaaa
         RANGE4                  00028000   00008000  00008000  R IX  bbbbbbbb
         RANGE5                  00030000   00007ffc  00007ffc  R IX  cccccccc
         RANGE6                  00040000   00008000  00008000  R IX  dddddddd
         RANGE7                  00048000   00008000  00008000  R IX  eeeeeeee
         RANGE6                  00050000   00008000  00008000  R IX  ffffffff
         RANGE8                  00058000   00008000  00008000  R IX  11111111
         RANGE9                  00060000   00008000  00008000  R IX  22222222
         RANGE10                 00068000   00008000  00008000  R IX  33333333
         RANGE11                 00070000   00008000  00008000  R IX  44444444
         RANGE12                 00078000   00008000  00008000  R IX  55555555
         RANGE13                 00080000   00010000  00010000  R IX  66666666
         RANGE14                 00090000   00010000  00010000  R IX  77777777
         RANGE15                 000a0000   00010000  00010000  R IX  88888888
         RANGE16                 000b0000   0000fffc  0000fffc  R IX  99999999
         CHKS                    000bfffc   00000004  00000004  R     12345678
         RAMDATA1                00400000   000000a0  000000a0  RWIX
         FLASH_REQ               004000a0   00000004  00000004  RW  
         RAMDATA2                004000a4   00000f5c  000007f9  RWIX
         HISDATA                 00401010   00000040  00000000  RW  
         HISCONST                00401050   00000100  00000000  RW  
         HISTEXT                 00401150   00000b00  00000000  RWIX
         RAMWDT                  00401c50   00000370  00000134  RWIX
         USTACK                  00402000   00000400  00000000  RW  
         SYSSTA                  00402400   00000400  00000000  RW  
         RAMHAL                  00402800   000000a0  00000054  RWIX
         HET0PROG                00800000   00000800  00000000  RW  
         FMC1                    ffe88000   00000014  00000000  RW  
         FMC2                    ffe89c00   00000010  00000000  RW  
         FMC3                    ffe8a814   00000004  00000000  RW  
         FMC4                    ffe8bc00   00000010  00000000  RW  
         SCC3                    fff7d000   00000200  00000000  RW  
         CAN_MBOX3               fff7d200   00000200  00000000  RW  
         SPI2                    fff7d400   00000100  00000000  RW  
         SPI3                    fff7d500   00000100  00000000  RW  
         SPI4                    fff7d600   00000100  00000000  RW  
         SPI5                    fff7d700   00000100  00000000  RW  
         CAN_MBOX                fff7e400   00000200  00000000  RW  
         CAN_MBOX2               fff7e600   00000200  00000000  RW  
         SCC                     fff7e800   00000200  00000000  RW  
         SCC2                    fff7ea00   00000200  00000000  RW  
         GIO0                    fff7ec00   00000100  00000000  RW  
         ADC0                    fff7f000   00000400  00000000  RW  
         SPI1                    fff7f800   00000100  00000000  RW  
         HET0CTRL                fff7fc00   00000400  00000000  RW  
         MMC                     fffffd00   00000040  00000000  RW  
         DEC                     fffffe00   000000f0  00000000  RW  
         CMRTI                   ffffff00   00000020  00000000  RW  
         CIM                     ffffff20   00000014  00000000  RW  
         SYS                     ffffffd0   00000030  00000000  RW  


SECTION ALLOCATION MAP

 output                                  attributes/
section   page    origin      length       input sections
--------  ----  ----------  ----------   ----------------
.FMC1      0    ffe88000    00000000     UNINITIALIZED

.SCC3      0    fff7d000    00000000     UNINITIALIZED

.CAN_MB3   0    fff7d200    00000000     UNINITIALIZED

.SPI2      0    fff7d400    00000000     UNINITIALIZED

.SPI3      0    fff7d500    00000000     UNINITIALIZED

.SPI4      0    fff7d600    00000000     UNINITIALIZED

.SPI5      0    fff7d700    00000000     UNINITIALIZED

.CAN_MB    0    fff7e400    00000000     UNINITIALIZED

.CAN_MB2   0    fff7e600    00000000     UNINITIALIZED

.SCC       0    fff7e800    00000000     UNINITIALIZED

.SCC2      0    fff7ea00    00000000     UNINITIALIZED

.GIO0      0    fff7ec00    00000000     UNINITIALIZED

.ADC0      0    fff7f000    00000000     UNINITIALIZED

.SPI1      0    fff7f800    00000000     UNINITIALIZED

.HET0      0    fff7fc00    00000000     UNINITIALIZED

.MMC       0    fffffd00    00000000     UNINITIALIZED

.DEC       0    fffffe00    00000000     UNINITIALIZED

.CMRTI     0    ffffff00    00000000     UNINITIALIZED

.CIM       0    ffffff20    00000000     UNINITIALIZED

.SYS       0    ffffffd0    00000000     UNINITIALIZED

.intvecs   0    00008000    00000000     UNINITIALIZED

.vectors   0    00008000    00000024     
                  00008000    00000024     ADLATUS_vectors.obj (.vectors)

.data_set 
*          0    00008024    00000000     UNINITIALIZED

.const     0    00008024    00000f66     
                  00008024    000004c6     ADLATUS_ConfigProject.obj (.const)
                  000084ea    00000002     --HOLE-- [fill = 0]
                  000084ec    00000400     CHKLIB_cc_tms470_VW_UDS.lib : ADLATUS_FUN_Val_CRC32.obj (.const)
                  000088ec    000002d4     ADLATUS_SequenceAudi.obj (.const)
                  00008bc0    00000199     ADLATUS_KWP2000Audi.obj (.const)
                  00008d59    00000003     --HOLE-- [fill = 0]
                  00008d5c    000000c3     ADLATUS_CusInterfaceAudi.obj (.const)
                  00008e1f    00000001     --HOLE-- [fill = 0]
                  00008e20    0000006b     CORELIB_cc_tms470_VW_UDS.lib : ADLATUS_ConfigSystem.obj (.const)
                  00008e8b    00000001     --HOLE-- [fill = 0]
                  00008e8c    0000005c                                  : ADLATUS_ConfigAdlatus.obj (.const)
                  00008ee8    00000030     HALLIB_cc_tms470_VW_UDS.lib : ADLATUS_CanHandler.obj (.const)
                  00008f18    00000020     ADLATUS_System.obj (.const)
                  00008f38    0000001a     ADLATUS_EventHandlerAudi.obj (.const)
                  00008f52    00000002     --HOLE-- [fill = 0]
                  00008f54    00000018     ADLATUS_Tp.obj (.const)
                  00008f6c    0000000c     lld_SPI.obj (.const)
                  00008f78    00000006     CHKLIB_cc_tms470_VW_UDS.lib : ADLATUS_FUN_Val_RamPatternTest_UB.obj (.const)
                  00008f7e    00000002     --HOLE-- [fill = 0]
                  00008f80    00000004     ADLATUS_Startup.obj (.const)
                  00008f84    00000002     HALLIB_cc_tms470_VW_UDS.lib : ADLATUS_Hal.obj (.const)
                  00008f86    00000002     --HOLE-- [fill = 0]
                  00008f88    00000002     CHKLIB_cc_tms470_VW_UDS.lib : ADLATUS_ValHandler.obj (.const)

.cinit     0    00008f8c    00000078     
                  00008f8c    00000068     ADLATUS_ConfigProject.obj (.cinit)
                  00008ff4    00000009     ADLATUS_ExternalWatchdog.obj (.cinit)
                  00008ffd    00000007     --HOLE-- [fill = 0]

.WDTROM    0    0000c000    00000000     UNINITIALIZED

.watchdog 
*          0    0000c000    00000134     RUN ADDR = 00401c50
                  0000c000    000000e8     ADLATUS_ExternalWatchdog.obj (.text)
                  0000c0e8    0000004c     HALLIB_cc_tms470_VW_UDS.lib : ADLATUS_CanHandlerRAM.obj (.text)

.HALROM    0    0000c400    00000000     UNINITIALIZED

.halfunctions 
*          0    0000c400    00000054     RUN ADDR = 00402800
                  0000c400    00000054     HALLIB_cc_tms470_VW_UDS.lib : ADLATUS_HalRAM.obj (.text)

.text      0    00010000    00003fb0     
                  00010000    000015e8     ADLATUS_KWP2000Audi.obj (.text)
                  000115e8    00000810     ADLATUS_Tp.obj (.text)
                  00011df8    000005e0     HALLIB_cc_tms470_VW_UDS.lib : ADLATUS_CanHandler.obj (.text)
                  000123d8    000003f0     CHKLIB_cc_tms470_VW_UDS.lib : ADLATUS_ValHandler.obj (.text)
                  000127c8    000003c0     ADLATUS_SessionHandler.obj (.text)
                  00012b88    000001cc     ADLATUS_NvmHandler.obj (.text)
                  00012d54    000001b4     ADLATUS_System.obj (.text)
                  00012f08    000001ac     lld_SPI.obj (.text)
                  000130b4    000001a0     ADLATUS_ValidationAudi.obj (.text)
                  00013254    0000017c     ADLATUS_Startup.obj (.text)
                  000133d0    0000017c     HALLIB_cc_tms470_VW_UDS.lib : ADLATUS_Hal.obj (.text)
                  0001354c    00000174     ADLATUS_EventHandlerAudi.obj (.text)
                  000136c0    00000160     ADLATUS_Eep.obj (.text)
                  00013820    000000c0     CORELIB_cc_tms470_VW_UDS.lib : ADLATUS_ServiceHandler.obj (.text)
                  000138e0    000000b0                                  : ADLATUS_FUN_Global_CollectData.obj (.text)
                  00013990    0000009c     ADLATUS_Main.obj (.text)
                  00013a2c    00000096     runtime.lib : u_div16.obj (.text)
                  00013ac2    00000002     --HOLE-- [fill = 0]
                  00013ac4    00000084     CHKLIB_cc_tms470_VW_UDS.lib : ADLATUS_FUN_Val_RamPatternTest_UB.obj (.text)
                  00013b48    00000084     ADLATUS_CheckDependAudi.obj (.text)
                  00013bcc    0000007c     ADLATUS_ApplicationInterface.obj (.text)
                  00013c48    0000006c     CHKLIB_cc_tms470_VW_UDS.lib : ADLATUS_FUN_Val_CRC32.obj (.text)
                  00013cb4    0000005c                                 : ADLATUS_FUN_Val_QuickCheck_UB.obj (.text)
                  00013d10    0000005c     ADLATUS_ExternalWatchdogFlash.obj (.text)
                  00013d6c    00000054     ADLATUS_Setup.obj (.text)
                  00013dc0    00000050     ADLATUS_SSIHandler.obj (.text)
                  00013e10    00000050     ADLATUS_Periphery.obj (.text)
                  00013e60    0000004c     ADLATUS_Timer.obj (.text)
                  00013eac    0000003c     CHKLIB_cc_tms470_VW_UDS.lib : ADLATUS_FUN_Val_LinAdd8Acc16Bit_UB.obj (.text)
                  00013ee8    0000002c     CORELIB_cc_tms470_VW_UDS.lib : ADLATUS_ConfigAdlatus.obj (.text)
                  00013f14    0000001e                                  : ADLATUS_FUN_Global_PMemCopy.obj (.text)
                  00013f32    0000001e                                  : ADLATUS_FUN_Global_AMemCopy.obj (.text)
                  00013f50    0000001a     ADLATUS_DataPrepareAudi.obj (.text)
                  00013f6a    00000018     CHKLIB_cc_tms470_VW_UDS.lib : ADLATUS_FUN_Val_CanMsgObjectTest_UB.obj (.text)
                  00013f82    00000002     --HOLE-- [fill = 0]
                  00013f84    00000018     ADLATUS_Main.obj (.text:v$1)
                  00013f9c    00000014     runtime.lib : icall16.obj (.text)

$fill000   0    00013fb0    00004050     
                  00013fb0    00004050     --HOLE-- [fill = 88888888]

$fill001   0    00019000    00007000     
                  00019000    00007000     --HOLE-- [fill = 99999999]

$fill002   0    00020000    00008000     
                  00020000    00008000     --HOLE-- [fill = aaaaaaaa]

$fill003   0    00028000    00008000     
                  00028000    00008000     --HOLE-- [fill = bbbbbbbb]

$fill004   0    00030000    00007ffc     
                  00030000    00007ffc     --HOLE-- [fill = cccccccc]

$fill005   0    00040000    00008000     
                  00040000    00008000     --HOLE-- [fill = dddddddd]

$fill006   0    00048000    00008000     
                  00048000    00008000     --HOLE-- [fill = eeeeeeee]

$fill007   0    00050000    00008000     
                  00050000    00008000     --HOLE-- [fill = ffffffff]

$fill008   0    00058000    00008000     
                  00058000    00008000     --HOLE-- [fill = 11111111]

$fill009   0    00060000    00008000     
                  00060000    00008000     --HOLE-- [fill = 22222222]

$fill010   0    00068000    00008000     
                  00068000    00008000     --HOLE-- [fill = 33333333]

$fill011   0    00070000    00008000     
                  00070000    00008000     --HOLE-- [fill = 44444444]

$fill012   0    00078000    00008000     
                  00078000    00008000     --HOLE-- [fill = 55555555]

$fill013   0    00080000    00010000     
                  00080000    00010000     --HOLE-- [fill = 66666666]

$fill014   0    00090000    00010000     
                  00090000    00010000     --HOLE-- [fill = 77777777]

$fill015   0    000a0000    00010000     
                  000a0000    00010000     --HOLE-- [fill = 88888888]

$fill016   0    000b0000    0000fffc     
                  000b0000    0000fffc     --HOLE-- [fill = 99999999]

.CHCKSUM   0    000bfffc    00000000     UNINITIALIZED

$fill017   0    000bfffc    00000004     
                  000bfffc    00000004     --HOLE-- [fill = 12345678]

.data      0    00400000    00000000     UNINITIALIZED

.RAMSTART 
*          0    00400000    00000000     UNINITIALIZED

.bss:1     0    00400000    000000a0     UNINITIALIZED
                  00400000    00000063     ADLATUS_KWP2000Audi.obj (.bss)
                  00400063    00000001     lld_SPI.obj (.bss)
                  00400064    0000003c     ADLATUS_Tp.obj (.bss)

.REQUEST   0    004000a0    00000004     UNINITIALIZED
                  004000a0    00000004     ADLATUS_ApplicationInterface.obj (.REQUEST)

.sysmem    0    004000a4    00000000     UNINITIALIZED

.bss:2     0    004000a4    000007f9     UNINITIALIZED
                  004000a4    00000430     CORELIB_cc_tms470_VW_UDS.lib : ADLATUS_ConfigSystem.obj (.bss)
                  004004d4    00000206                                  : ADLATUS_FUN_Global_CollectData.obj (.bss)
                  004006da    00000001     ADLATUS_ExternalWatchdog.obj (.bss)
                  004006dc    00000055     HALLIB_cc_tms470_VW_UDS.lib : ADLATUS_CanHandler.obj (.bss)
                  00400734    00000050     ADLATUS_ConfigProject.obj (.bss)
                  00400784    00000040     CHKLIB_cc_tms470_VW_UDS.lib : ADLATUS_ValHandler.obj (.bss)
                  004007c4    00000030     HALLIB_cc_tms470_VW_UDS.lib : ADLATUS_FUN_CChal_HISCheck.obj (.bss)
                  004007f4    0000002a     ADLATUS_ValidationAudi.obj (.bss)
                  00400820    0000001c     ADLATUS_SessionHandler.obj (.bss)
                  0040083c    0000001c     ADLATUS_System.obj (.bss)
                  00400858    00000014     ADLATUS_NvmHandler.obj (.bss)
                  0040086c    00000014     HALLIB_cc_tms470_VW_UDS.lib : ADLATUS_Hal.obj (.bss)
                  00400880    00000008     ADLATUS_EventHandlerAudi.obj (.bss)
                  00400888    00000008     ADLATUS_ExternalWatchdogFlash.obj (.bss)
                  00400890    00000004     ADLATUS_Timer.obj (.bss)
                  00400894    00000004     CORELIB_cc_tms470_VW_UDS.lib : ADLATUS_ServiceHandler.obj (.bss)
                  00400898    00000005     ADLATUS_Main.obj (.bss)

.WDTRAM    0    00401c50    00000000     UNINITIALIZED

.ustack    0    00402000    00000000     UNINITIALIZED

.stack     0    00402400    00000000     UNINITIALIZED

.HALRAM    0    00402800    00000000     UNINITIALIZED

.HET0PROG 
*          0    00800000    00000000     UNINITIALIZED


GLOBAL SYMBOLS: SORTED ALPHABETICALLY BY Name 

address    name
--------   ----
00013990   $ASW_main
000136c0   $FUN_BioEepBusy
000136d8   $FUN_BioEepInit
000136e8   $FUN_BioEepRead
0001373c   $FUN_BioEepWrite
0001164e   $FUN_CCTp_Timer_V
0001261e   $FUN_CCVhnd_CalcChecksum_UB
0001265a   $FUN_CCVhnd_CalcChksumChunk_UB
00012694   $FUN_CCVhnd_CheckValidationMap_UB
000127a2   $FUN_CCVhnd_GetStartupState_UW
00012428   $FUN_CCVhnd_InitCtrlST_UB
00012798   $FUN_CCVhnd_InitValidation_V
00013be8   $FUN_CCapplint_CheckFlashRequest_UB
00013bcc   $FUN_CCapplint_JumpToFSW_V
00013c0e   $FUN_CCapplint_ResetFlashRequest_V
00013c1e   $FUN_CCapplint_SetDefSessionRequ_V
00013c26   $FUN_CCapplint_SetFlashRequest_V
00013c16   $FUN_CCapplint_SetResetRequest_V
00011f52   $FUN_CCcan_ActivateCanMsgObj_V
00011ff0   $FUN_CCcan_CheckCanReceiver_UB
00011e18   $FUN_CCcan_CheckMsgObjBuffer_UB
00011f6a   $FUN_CCcan_DeactivateCanMsgObj_V
00011ea4   $FUN_CCcan_InitCanController_V
00011f80   $FUN_CCcan_InitCanMsgObj_V
00011e70   $FUN_CCcan_InitCan_V
000121c4   $FUN_CCcan_RxData_UB
00011f50   $FUN_CCcan_StartCanController_V
00011f4e   $FUN_CCcan_StopCanController_V
00401d38   $FUN_CCcan_TxDataFromRam_V
0001224c   $FUN_CCcan_TxData_UB
00012356   $FUN_CCcan_TxDiagResponse_V
00011e0c   $FUN_CCcan_Wait_V
00011df8   $FUN_CCcan_Waitconf_V
00011e02   $FUN_CCcan_Waitconfx_V
00013b48   $FUN_CCcd_CheckDependAudi_UB
00013ee8   $FUN_CCconsys_InitAllSystemBuffer_V
00013f50   $FUN_CCdp_DataPrepareAudi_UB
00013608   $FUN_CCeventaudi_EventHandler_B
0001354c   $FUN_CCeventaudi_EventInit_V
00013598   $FUN_CCeventaudi_EventProcessing_V
0001364e   $FUN_CCeventaudi_ProjectTimer_V
0001358a   $FUN_CCeventaudi_SetProjectTimer_V
00013f32   $FUN_CCglo_AMemCopy_V
000138f6   $FUN_CCglo_CollectData_UB
000138f0   $FUN_CCglo_GetIntermediateBufferNumbers_V
000138e0   $FUN_CCglo_InitCollectData_V
00013f14   $FUN_CCglo_PMemCopy_V
000133fe   $FUN_CChal_DisGlobalInterrupt_V
00013478   $FUN_CChal_DisableIntWatchdog_V
0001347a   $FUN_CChal_EnableIntWatchdog_V
00013438   $FUN_CChal_GetHWTimerValue_UW
00013490   $FUN_CChal_GetPerfCntTicks_UL
00013486   $FUN_CChal_GetPerformanceCounter_UL
00402800   $FUN_CChal_HardwareTimerCheck_UW
000133d0   $FUN_CChal_InitHAL_V
00013408   $FUN_CChal_InitHardwareTimer_V
0001346c   $FUN_CChal_InitIntWatchdog_V
00013458   $FUN_CChal_SWReset_V
00013446   $FUN_CChal_StoreHwTimerValue_V
000134e4   $FUN_CChal_TimeoutOccured_B
000134d8   $FUN_CChal_TimeoutStart_V
00402834   $FUN_CChal_TriggerIntWatchdog_V
00013498   $FUN_CChal_WaitTime_V
00010fc8   $FUN_CCkwpaudi_AddressToMemoryMapIndex_UB
00010e9c   $FUN_CCkwpaudi_AddressingNotAllowed_UB
000114fc   $FUN_CCkwpaudi_CheckAddrMode_UB
0001153a   $FUN_CCkwpaudi_ClearFlashFunctions_V
00010166   $FUN_CCkwpaudi_CommunicationControl_UB
0001013a   $FUN_CCkwpaudi_ControlDTCSetting_UB
0001146c   $FUN_CCkwpaudi_CopyEntry_V
0001006c   $FUN_CCkwpaudi_DSCDefaultSession_UB
000100f6   $FUN_CCkwpaudi_DSCExtendedSession_UB
000100d8   $FUN_CCkwpaudi_DSCProgSession_UB
00010254   $FUN_CCkwpaudi_ECUReset_UB
00011560   $FUN_CCkwpaudi_EraseEeprom_UB
00010dee   $FUN_CCkwpaudi_GetSecurityLevel_UB
00010000   $FUN_CCkwpaudi_InitKwp2000_V
0001001a   $FUN_CCkwpaudi_InitKwp2000internal_V
00010ed0   $FUN_CCkwpaudi_LogicalAddressCheck_UW
00010964   $FUN_CCkwpaudi_RcCheckMemory_UB
000106e0   $FUN_CCkwpaudi_RcCheckProgramPreCond_UB
00010cfe   $FUN_CCkwpaudi_RcChkProgDependencies_UB
00010718   $FUN_CCkwpaudi_RcEraseMemory_UB
00010d84   $FUN_CCkwpaudi_RcRoutineIdNotSupported_UB
00011014   $FUN_CCkwpaudi_ReadDataById_UB
000114e0   $FUN_CCkwpaudi_ReadTimelock_UB
000102bc   $FUN_CCkwpaudi_RequestDownload_UB
00010d92   $FUN_CCkwpaudi_RequestLengthError_UB
0001069e   $FUN_CCkwpaudi_RequestTransferExit_UB
00010f48   $FUN_CCkwpaudi_ResolveMemoryMapIndex_UB
00010f8c   $FUN_CCkwpaudi_ResolveValidationMapIndex_UB
000102aa   $FUN_CCkwpaudi_SaGetSeed_UB
000102ae   $FUN_CCkwpaudi_SaSendKey_UB
00010da6   $FUN_CCkwpaudi_SecurityAccessDenied_UB
00010dfe   $FUN_CCkwpaudi_SequenceError_UB
00010e5e   $FUN_CCkwpaudi_ServiceNotAllowed_UB
00010e34   $FUN_CCkwpaudi_ServiceNotSupported_UB
00010ea0   $FUN_CCkwpaudi_SubfunctionNotSupported_UB
00010242   $FUN_CCkwpaudi_TesterPresent_UB
00010518   $FUN_CCkwpaudi_TransferData_UB
0001018a   $FUN_CCkwpaudi_WriteDataByID_UB
000114ec   $FUN_CCkwpaudi_WriteTimelock_UB
00012b88   $FUN_CCnvm_InitNvmHandler_V
00012c90   $FUN_CCnvm_NvmAccess_UB
00012cfc   $FUN_CCnvm_NvmDirectReadAccess_UB
00012cd6   $FUN_CCnvm_NvmDirectWriteAccess_UB
00012c5e   $FUN_CCnvm_ScanNvmMemoryTable_UB
00013e32   $FUN_CCper_InitIOForAdlatus_V
00013e10   $FUN_CCper_InitIOStartup_V
000127e4   $FUN_CCses_GetActiveSession_UB
000128aa   $FUN_CCses_InitChannel_V
000127c8   $FUN_CCses_InitSessionLayer_V
000127ee   $FUN_CCses_LookForCmd_PST
000128c8   $FUN_CCses_RxSession_UB
00012a8e   $FUN_CCses_TxSession_UB
00013d6c   $FUN_CCsetup_InitAdlatus_V
00013820   $FUN_CCsrv_InitServiceHandler_V
00013828   $FUN_CCsrv_RxServiceHandler_UB
00013dce   $FUN_CCssi_EepromHandler_UB
00013dc0   $FUN_CCssi_InitSSI_V
00012e58   $FUN_CCsys_BufferRouter_V
00012d54   $FUN_CCsys_InitOperatingSystem_V
00012d70   $FUN_CCsys_OperatingSystem_V
00012e78   $FUN_CCsys_ResultEvaluation_UB
00013e60   $FUN_CCtim_InitSWTimerHandler_V
00013e68   $FUN_CCtim_SystemTimerCheck_V
0001161a   $FUN_CCtp_InitInternal_V
000115e8   $FUN_CCtp_Init_V
000116ba   $FUN_CCtp_RxTp_UB
00011ab8   $FUN_CCtp_TxTp_UB
00013c48   $FUN_CCval_CRC32_UB
00013c88   $FUN_CCval_CRC32_onFly_UB
00013f6a   $FUN_CCval_CanMsgObjectTest_UB
00013eac   $FUN_CCval_LinAdd8Acc16Bit_UB
00013cb4   $FUN_CCval_QuickCheck_UB
00013ac4   $FUN_CCval_RamPatternTest_UB
00013196   $FUN_CCvalaudi_CalcCsumEepromInternal_UB
000130e2   $FUN_CCvalaudi_CalcCsumFlashDownload_UB
0001310e   $FUN_CCvalaudi_CalcCsumRamDownload_UB
00013158   $FUN_CCvalaudi_InitCalcCsumEepromDownload_UB
000130b4   $FUN_CCvalaudi_InitCalcCsumFlashDownload_UB
00013d5c   $FUN_CCwtdog_DisableExtWatchdog_V
00013d4c   $FUN_CCwtdog_EnableExtWatchdog_V
00013d42   $FUN_CCwtdog_GetExtWatchdogState_UB
00013d3a   $FUN_CCwtdog_InitExtWatchdogIntern_V
00013d10   $FUN_CCwtdog_InitExtWatchdog_V
00401c50   $FUN_CCwtdog_TriggerExtWatchdog_V
00401cb4   $FUN_CCwtdog_TriggerWatchdogEraseMem_V
00401cf4   $FUN_CCwtdog_TriggerWatchdogProgMem_V
00013564   $FUN__CCeventaudi_ProjectInitIntern_V
00012f52   $OCSPI_Busy
00012f44   $OCSPI_DeInitSync
00012f08   $OCSPI_InitSync
00012fb2   $OCSPI_ReadSync
00013052   $OCSPI_WriteSync
00013998   $main
00400000   .bss
00400000   .data
00010000   .text
00013f9c   IND$CALL
00013a2c   U$DIV
00013a2c   U$MOD
00400808   _CCValAudi_Eeprom_ST
004007f4   _CCValAudi_WorkingInfoInt_ST
00400784   _CCVhnd_HndlCtrlInt_ST
004007c0   _CCVhnd_StartTime_UL
004007ac   _CCVhnd_WorkingInfoInt_ST
0040083c   _CCsys_SysCtrl_ST
00008f54   _C_CCTP_FlowControlTGCas_UB
00008f5c   _C_CCTP_FlowControlTG_UB
00008f64   _C_CCTP_TestPresentTG_UB
00008d74   _C_CCcusint_AlternativeAppIdent_ST
00008e1c   _C_CCcusint_AlternativeAppProgState_UB
00008d60   _C_CCcusint_AlternativeBootIdent_ST
00008e1b   _C_CCcusint_AlternativeBootSWProgState_UB
00008d88   _C_CCcusint_AlternativeDataIdent_ST
00008e1d   _C_CCcusint_AlternativeDataProgState_UB
00008db0   _C_CCcusint_AlternativeECUIdent_ST
00008d9c   _C_CCcusint_AlternativeEepromIdent_ST
00008e1e   _C_CCcusint_AlternativeTimelock_UB
00008034   _C_FlashDelay_UL
0040070c   _CanCtrl_ST
004004cc   _CmdRuntimeInfo_AST
0000801c   _FiqDisp2
004007c4   _FlashParam
00008010   _ISR_DA
0000800c   _ISR_Pre
00008014   _ISR_RESEVED
00008004   _ISR_Undef
00008018   _IrqDisp2
00402800   _RAMHAL
00401c50   _RAMWDT
0000c400   _ROMHAL
0000c000   _ROMWDT
00008f6c   _SPI2_st_EepromMode
00008f72   _SPI2_st_Pins
00400820   _SesCtrl_ST
004025e8   _StackABORT_
00402510   _StackFIQ_
004025e0   _StackIRQ_
00402600   _StackSUPER_
004025f0   _StackUND_
00402500   _StackUSER_
00008008   _SwiDisp2
ffffffff   ___binit__
00400000   ___bss__
ffffffff   ___c_args__
00008f8c   ___cinit__
00400000   ___data__
00400000   ___edata__
004000a0   ___end__
00013fb0   ___etext__
ffffffff   ___pinit__
00010000   ___text__
00008f80   _c_BBSuperStackTop_UL
0000817c   _c_CCVhnd_Alternate2Quickcheck_FUN
00008178   _c_CCVhnd_AlternateQuickcheck_FUN
00008174   _c_CCVhnd_Quickcheck_FUN
00008e88   _c_CCVhnd_TimeSlot_1ms_UW
00008e8a   _c_CCVhnd_TimeSlot_4us_UB
00008eec   _c_CCcan_BaudrateTable_AUL
00008ee8   _c_CCcan_TestPattern_AUB
00008e38   _c_CCcon_BufferInit_ST
0000805c   _c_CCconprj_AddrModeCfg_AST
000084e0   _c_CCconprj_AsamOdxFileID_UW
00008044   _c_CCconprj_CanChannelTable_AST
00008028   _c_CCconprj_CanClockFrequency_UL
0000803e   _c_CCconprj_CanController_UW
00400734   _c_CCconprj_CanMsgObjConfig_AST
00008182   _c_CCconprj_ChecksumLength_UW
00008024   _c_CCconprj_ClockFrequency_UL
00008040   _c_CCconprj_DefaultCanBaudrate_UW
00008074   _c_CCconprj_DiagResponseTG_AST
000084e7   _c_CCconprj_DisableReset_UB
00008184   _c_CCconprj_DownloadMap_AST
0000806e   _c_CCconprj_DscServerTiming_ST
000084de   _c_CCconprj_ECUProgramInfo_UW
000081fc   _c_CCconprj_EEPROM_AST
0000803a   _c_CCconprj_EraseResetTime_T16
00008030   _c_CCconprj_IntWdtTimeout_UW
000084e6   _c_CCconprj_LengthBootSWIdent_UB
000084e5   _c_CCconprj_LengthFingerprint_UB
000084e3   _c_CCconprj_LengthProgDate_UB
000084e4   _c_CCconprj_LengthProgState_UB
000084e2   _c_CCconprj_LengthRepairShopCode_UB
000083b4   _c_CCconprj_LogBlockEEPROM_AUB
000084d8   _c_CCconprj_MaxNbrRecordDataIDs_UB
000083d0   _c_CCconprj_ReadDataByID_AST
000084dc   _c_CCconprj_ReadFingerprint_UW
00400780   _c_CCconprj_SessionInitTable_APST
0040077c   _c_CCconprj_SessionSelectionTable_APST
00008180   _c_CCconprj_SignatureLength_UW
000084e8   _c_CCconprj_StartValue_CRC16_UW
00008038   _c_CCconprj_StopCommResetTime_T16
0000803c   _c_CCconprj_Timelock_T16
0000802c   _c_CCconprj_TimerFrequency_UL
00008062   _c_CCconprj_TpInterface_ST
00008094   _c_CCconprj_ValidationMap_AST
000084da   _c_CCconprj_WriteFingerprint_UW
00008e20   _c_CCconsys_BufferConfig_AST
00008e9c   _c_CCconsys_CanInterface_ST
00008e6c   _c_CCconsys_ComHALFunctions_AST
00008e50   _c_CCconsys_ComStackFunctions_AST
00008e70   _c_CCconsys_EventProcessingFkt_AST
00008ed8   _c_CCconsys_HalInterface_ST
00008ec8   _c_CCconsys_Kwp2000Interface_ST
00008ee0   _c_CCconsys_NvmInterface_ST
00008ee4   _c_CCconsys_SWTimerHandlerInterface_ST
00008eb4   _c_CCconsys_SessionInterface_ST
00008ec4   _c_CCconsys_SrvHandlerInterface_ST
00008e8c   _c_CCconsys_SystemInterface_ST
00008d5c   _c_CCcusint_AdlatusVersion_AUB
00008f38   _c_CCeventaudi_EventFlags_AUB
00008d34   _c_CCkwpaudi_RCTAddressingNotAllowed_AUB
00008bec   _c_CCkwpaudi_RCTCommunicationControl_AUB
00008bdc   _c_CCkwpaudi_RCTControlDTCSetting_AUB
00008bc4   _c_CCkwpaudi_RCTDSCDefaultSession_AUB
00008bd8   _c_CCkwpaudi_RCTDSCExtendedSession_AUB
00008bd0   _c_CCkwpaudi_RCTDSCProgSession_AUB
00008c18   _c_CCkwpaudi_RCTECUReset_AUB
00008cc0   _c_CCkwpaudi_RCTRcCheckMemory_AUB
00008c80   _c_CCkwpaudi_RCTRcCheckProgramPreCond_AUB
00008cf0   _c_CCkwpaudi_RCTRcChkProgDependencies_AUB
00008c90   _c_CCkwpaudi_RCTRcEraseMemory_AUB
00008d14   _c_CCkwpaudi_RCTRcRoutineIdNotSupported_AUB
00008d3c   _c_CCkwpaudi_RCTReadDataById_AUB
00008c4c   _c_CCkwpaudi_RCTRequestDownload_AUB
00008d20   _c_CCkwpaudi_RCTRequestLengthError_AUB
00008c78   _c_CCkwpaudi_RCTRequestTransferExit_AUB
00008d24   _c_CCkwpaudi_RCTSecurityAccessDenied_AUB
00008c24   _c_CCkwpaudi_RCTSecurityAccessGetSeed_AUB
00008c38   _c_CCkwpaudi_RCTSecurityAccessSendKey_AUB
00008d28   _c_CCkwpaudi_RCTSequenceError_AUB
00008d30   _c_CCkwpaudi_RCTServiceNotAllowed_AUB
00008d2c   _c_CCkwpaudi_RCTServiceNotSupported_AUB
00008d38   _c_CCkwpaudi_RCTSubfunctionNotSupported_AUB
00008c10   _c_CCkwpaudi_RCTTesterPresent_AUB
00008c60   _c_CCkwpaudi_RCTTransferData_AUB
00008bfc   _c_CCkwpaudi_RCTWriteDataByID_AUB
0000890c   _c_CCseqaudi_InitSessionProg_AST
000088ec   _c_CCseqaudi_PCTProgSession_AUW
00008918   _c_CCseqaudi_SRTKwp2000ProgSession_AST
00008f18   _c_CCsys_BufferAssignmentTable_AUB
00008f28   _c_CCsys_ReadyFlags_AUW
00008e74   _c_CCtim_SWTimerFunctions_APFUN
00008f78   _c_CCval_RamTestPattern_AUW
00008bc0   _c_VerSMART_Audilib_V113_UW
00008f88   _c_VerSMART_Chcklib_V110_UW
00008f84   _c_VerSMART_Hallib_V111_UW
00013258   _c_int00
000084ec   _crc32Tab
fff7f000   _e_ADC0_ST
fff7e600   _e_CAN2_MB
fff7d200   _e_CAN3_MB
fff7e400   _e_CAN_MB
ffe88000   _e_FLASHCTL0_ST
fff7ec00   _e_GIO_ST
fff7fc00   _e_HET0_ST
00800000   _e_HETPROGRAM0_UN
ffffff20   _e_SARCIM_ST
fffffe00   _e_SARDEC_ST
fffffd00   _e_SARMMC_ST
ffffff00   _e_SARRTI_ST
ffffffd0   _e_SARSYS_ST
fff7ea00   _e_SCC2_ST
fff7d000   _e_SCC3_ST
fff7e800   _e_SCC_ST
fff7f800   _e_SPI1_ST
fff7d400   _e_SPI2_ST
fff7d500   _e_SPI3_ST
fff7d600   _e_SPI4_ST
fff7d700   _e_SPI5_ST
00402100   _g_BBSuperStack_UL
004003cc   _g_CCdp_WorkingBuffer_BUF
00400062   _g_CCkwpaudi_EepromDataLeftOver_UB
0040022c   _g_RxBuffer00_BUF
004003b4   _g_RxMsgObj00_BUF
004000a4   _g_RxWorkBuffer00_BUF
0040032c   _g_TxBuffer00_BUF
004003c0   _g_TxMsgObj00_BUF
004001a4   _g_TxWorkBuffer00_BUF
00400063   _g_buf_UB
004000a0   _gt_CCapplint_FlashRequest_UL
00013f84   _main
000bfffc   _r_F_CHCKSUM2
00400000   _r_F_RAMSTART
004000a0   _r_F_REQUEST
00400058   _sECUDataAppl_ST
00400898   _t_AdlatusInitState_UB
004004d4   _t_CC_CollectBuffer_BUF
004006dc   _t_CCcan_CanFifoBuffer_AUB
00400880   _t_CCeventaudi_PrjCtrl_ST
0040086c   _t_CChal_HalCtrl_ST
00400000   _t_CCkwpaudi_KwpCtrl_ST
00400858   _t_CCnvm_NvmCtrl_ST
00400860   _t_CCnvm_NvmRunTimeEntry_ST
00400888   _t_CCper_WatchdogCtrl_ST
00400890   _t_CCtime_TimerCtrl_ST
004006d8   _t_DataInBuffer_UW
004006d4   _t_DataPointer_UW
0040081c   _t_FlashCheckState_UB
00400899   _t_InitCtrl_ST
0040081d   _t_NVMResult_UB
004006d6   _t_PagePointer_UW
00400894   _t_ServiceHandlerCtrl_ST
004006da   _wdStatus
ffffffff   binit
00008f8c   cinit
00400000   edata
004000a0   end
00013fb0   etext
ffffffff   pinit


GLOBAL SYMBOLS: SORTED BY Symbol Address 

address    name
--------   ----
00008004   _ISR_Undef
00008008   _SwiDisp2
0000800c   _ISR_Pre
00008010   _ISR_DA
00008014   _ISR_RESEVED
00008018   _IrqDisp2
0000801c   _FiqDisp2
00008024   _c_CCconprj_ClockFrequency_UL
00008028   _c_CCconprj_CanClockFrequency_UL
0000802c   _c_CCconprj_TimerFrequency_UL
00008030   _c_CCconprj_IntWdtTimeout_UW
00008034   _C_FlashDelay_UL
00008038   _c_CCconprj_StopCommResetTime_T16
0000803a   _c_CCconprj_EraseResetTime_T16
0000803c   _c_CCconprj_Timelock_T16
0000803e   _c_CCconprj_CanController_UW
00008040   _c_CCconprj_DefaultCanBaudrate_UW
00008044   _c_CCconprj_CanChannelTable_AST
0000805c   _c_CCconprj_AddrModeCfg_AST
00008062   _c_CCconprj_TpInterface_ST
0000806e   _c_CCconprj_DscServerTiming_ST
00008074   _c_CCconprj_DiagResponseTG_AST
00008094   _c_CCconprj_ValidationMap_AST
00008174   _c_CCVhnd_Quickcheck_FUN
00008178   _c_CCVhnd_AlternateQuickcheck_FUN
0000817c   _c_CCVhnd_Alternate2Quickcheck_FUN
00008180   _c_CCconprj_SignatureLength_UW
00008182   _c_CCconprj_ChecksumLength_UW
00008184   _c_CCconprj_DownloadMap_AST
000081fc   _c_CCconprj_EEPROM_AST
000083b4   _c_CCconprj_LogBlockEEPROM_AUB
000083d0   _c_CCconprj_ReadDataByID_AST
000084d8   _c_CCconprj_MaxNbrRecordDataIDs_UB
000084da   _c_CCconprj_WriteFingerprint_UW
000084dc   _c_CCconprj_ReadFingerprint_UW
000084de   _c_CCconprj_ECUProgramInfo_UW
000084e0   _c_CCconprj_AsamOdxFileID_UW
000084e2   _c_CCconprj_LengthRepairShopCode_UB
000084e3   _c_CCconprj_LengthProgDate_UB
000084e4   _c_CCconprj_LengthProgState_UB
000084e5   _c_CCconprj_LengthFingerprint_UB
000084e6   _c_CCconprj_LengthBootSWIdent_UB
000084e7   _c_CCconprj_DisableReset_UB
000084e8   _c_CCconprj_StartValue_CRC16_UW
000084ec   _crc32Tab
000088ec   _c_CCseqaudi_PCTProgSession_AUW
0000890c   _c_CCseqaudi_InitSessionProg_AST
00008918   _c_CCseqaudi_SRTKwp2000ProgSession_AST
00008bc0   _c_VerSMART_Audilib_V113_UW
00008bc4   _c_CCkwpaudi_RCTDSCDefaultSession_AUB
00008bd0   _c_CCkwpaudi_RCTDSCProgSession_AUB
00008bd8   _c_CCkwpaudi_RCTDSCExtendedSession_AUB
00008bdc   _c_CCkwpaudi_RCTControlDTCSetting_AUB
00008bec   _c_CCkwpaudi_RCTCommunicationControl_AUB
00008bfc   _c_CCkwpaudi_RCTWriteDataByID_AUB
00008c10   _c_CCkwpaudi_RCTTesterPresent_AUB
00008c18   _c_CCkwpaudi_RCTECUReset_AUB
00008c24   _c_CCkwpaudi_RCTSecurityAccessGetSeed_AUB
00008c38   _c_CCkwpaudi_RCTSecurityAccessSendKey_AUB
00008c4c   _c_CCkwpaudi_RCTRequestDownload_AUB
00008c60   _c_CCkwpaudi_RCTTransferData_AUB
00008c78   _c_CCkwpaudi_RCTRequestTransferExit_AUB
00008c80   _c_CCkwpaudi_RCTRcCheckProgramPreCond_AUB
00008c90   _c_CCkwpaudi_RCTRcEraseMemory_AUB
00008cc0   _c_CCkwpaudi_RCTRcCheckMemory_AUB
00008cf0   _c_CCkwpaudi_RCTRcChkProgDependencies_AUB
00008d14   _c_CCkwpaudi_RCTRcRoutineIdNotSupported_AUB
00008d20   _c_CCkwpaudi_RCTRequestLengthError_AUB
00008d24   _c_CCkwpaudi_RCTSecurityAccessDenied_AUB
00008d28   _c_CCkwpaudi_RCTSequenceError_AUB
00008d2c   _c_CCkwpaudi_RCTServiceNotSupported_AUB
00008d30   _c_CCkwpaudi_RCTServiceNotAllowed_AUB
00008d34   _c_CCkwpaudi_RCTAddressingNotAllowed_AUB
00008d38   _c_CCkwpaudi_RCTSubfunctionNotSupported_AUB
00008d3c   _c_CCkwpaudi_RCTReadDataById_AUB
00008d5c   _c_CCcusint_AdlatusVersion_AUB
00008d60   _C_CCcusint_AlternativeBootIdent_ST
00008d74   _C_CCcusint_AlternativeAppIdent_ST
00008d88   _C_CCcusint_AlternativeDataIdent_ST
00008d9c   _C_CCcusint_AlternativeEepromIdent_ST
00008db0   _C_CCcusint_AlternativeECUIdent_ST
00008e1b   _C_CCcusint_AlternativeBootSWProgState_UB
00008e1c   _C_CCcusint_AlternativeAppProgState_UB
00008e1d   _C_CCcusint_AlternativeDataProgState_UB
00008e1e   _C_CCcusint_AlternativeTimelock_UB
00008e20   _c_CCconsys_BufferConfig_AST
00008e38   _c_CCcon_BufferInit_ST
00008e50   _c_CCconsys_ComStackFunctions_AST
00008e6c   _c_CCconsys_ComHALFunctions_AST
00008e70   _c_CCconsys_EventProcessingFkt_AST
00008e74   _c_CCtim_SWTimerFunctions_APFUN
00008e88   _c_CCVhnd_TimeSlot_1ms_UW
00008e8a   _c_CCVhnd_TimeSlot_4us_UB
00008e8c   _c_CCconsys_SystemInterface_ST
00008e9c   _c_CCconsys_CanInterface_ST
00008eb4   _c_CCconsys_SessionInterface_ST
00008ec4   _c_CCconsys_SrvHandlerInterface_ST
00008ec8   _c_CCconsys_Kwp2000Interface_ST
00008ed8   _c_CCconsys_HalInterface_ST
00008ee0   _c_CCconsys_NvmInterface_ST
00008ee4   _c_CCconsys_SWTimerHandlerInterface_ST
00008ee8   _c_CCcan_TestPattern_AUB
00008eec   _c_CCcan_BaudrateTable_AUL
00008f18   _c_CCsys_BufferAssignmentTable_AUB
00008f28   _c_CCsys_ReadyFlags_AUW
00008f38   _c_CCeventaudi_EventFlags_AUB
00008f54   _C_CCTP_FlowControlTGCas_UB
00008f5c   _C_CCTP_FlowControlTG_UB
00008f64   _C_CCTP_TestPresentTG_UB
00008f6c   _SPI2_st_EepromMode
00008f72   _SPI2_st_Pins
00008f78   _c_CCval_RamTestPattern_AUW
00008f80   _c_BBSuperStackTop_UL
00008f84   _c_VerSMART_Hallib_V111_UW
00008f88   _c_VerSMART_Chcklib_V110_UW
00008f8c   cinit
00008f8c   ___cinit__
0000c000   _ROMWDT
0000c400   _ROMHAL
00010000   ___text__
00010000   .text
00010000   $FUN_CCkwpaudi_InitKwp2000_V
0001001a   $FUN_CCkwpaudi_InitKwp2000internal_V
0001006c   $FUN_CCkwpaudi_DSCDefaultSession_UB
000100d8   $FUN_CCkwpaudi_DSCProgSession_UB
000100f6   $FUN_CCkwpaudi_DSCExtendedSession_UB
0001013a   $FUN_CCkwpaudi_ControlDTCSetting_UB
00010166   $FUN_CCkwpaudi_CommunicationControl_UB
0001018a   $FUN_CCkwpaudi_WriteDataByID_UB
00010242   $FUN_CCkwpaudi_TesterPresent_UB
00010254   $FUN_CCkwpaudi_ECUReset_UB
000102aa   $FUN_CCkwpaudi_SaGetSeed_UB
000102ae   $FUN_CCkwpaudi_SaSendKey_UB
000102bc   $FUN_CCkwpaudi_RequestDownload_UB
00010518   $FUN_CCkwpaudi_TransferData_UB
0001069e   $FUN_CCkwpaudi_RequestTransferExit_UB
000106e0   $FUN_CCkwpaudi_RcCheckProgramPreCond_UB
00010718   $FUN_CCkwpaudi_RcEraseMemory_UB
00010964   $FUN_CCkwpaudi_RcCheckMemory_UB
00010cfe   $FUN_CCkwpaudi_RcChkProgDependencies_UB
00010d84   $FUN_CCkwpaudi_RcRoutineIdNotSupported_UB
00010d92   $FUN_CCkwpaudi_RequestLengthError_UB
00010da6   $FUN_CCkwpaudi_SecurityAccessDenied_UB
00010dee   $FUN_CCkwpaudi_GetSecurityLevel_UB
00010dfe   $FUN_CCkwpaudi_SequenceError_UB
00010e34   $FUN_CCkwpaudi_ServiceNotSupported_UB
00010e5e   $FUN_CCkwpaudi_ServiceNotAllowed_UB
00010e9c   $FUN_CCkwpaudi_AddressingNotAllowed_UB
00010ea0   $FUN_CCkwpaudi_SubfunctionNotSupported_UB
00010ed0   $FUN_CCkwpaudi_LogicalAddressCheck_UW
00010f48   $FUN_CCkwpaudi_ResolveMemoryMapIndex_UB
00010f8c   $FUN_CCkwpaudi_ResolveValidationMapIndex_UB
00010fc8   $FUN_CCkwpaudi_AddressToMemoryMapIndex_UB
00011014   $FUN_CCkwpaudi_ReadDataById_UB
0001146c   $FUN_CCkwpaudi_CopyEntry_V
000114e0   $FUN_CCkwpaudi_ReadTimelock_UB
000114ec   $FUN_CCkwpaudi_WriteTimelock_UB
000114fc   $FUN_CCkwpaudi_CheckAddrMode_UB
0001153a   $FUN_CCkwpaudi_ClearFlashFunctions_V
00011560   $FUN_CCkwpaudi_EraseEeprom_UB
000115e8   $FUN_CCtp_Init_V
0001161a   $FUN_CCtp_InitInternal_V
0001164e   $FUN_CCTp_Timer_V
000116ba   $FUN_CCtp_RxTp_UB
00011ab8   $FUN_CCtp_TxTp_UB
00011df8   $FUN_CCcan_Waitconf_V
00011e02   $FUN_CCcan_Waitconfx_V
00011e0c   $FUN_CCcan_Wait_V
00011e18   $FUN_CCcan_CheckMsgObjBuffer_UB
00011e70   $FUN_CCcan_InitCan_V
00011ea4   $FUN_CCcan_InitCanController_V
00011f4e   $FUN_CCcan_StopCanController_V
00011f50   $FUN_CCcan_StartCanController_V
00011f52   $FUN_CCcan_ActivateCanMsgObj_V
00011f6a   $FUN_CCcan_DeactivateCanMsgObj_V
00011f80   $FUN_CCcan_InitCanMsgObj_V
00011ff0   $FUN_CCcan_CheckCanReceiver_UB
000121c4   $FUN_CCcan_RxData_UB
0001224c   $FUN_CCcan_TxData_UB
00012356   $FUN_CCcan_TxDiagResponse_V
00012428   $FUN_CCVhnd_InitCtrlST_UB
0001261e   $FUN_CCVhnd_CalcChecksum_UB
0001265a   $FUN_CCVhnd_CalcChksumChunk_UB
00012694   $FUN_CCVhnd_CheckValidationMap_UB
00012798   $FUN_CCVhnd_InitValidation_V
000127a2   $FUN_CCVhnd_GetStartupState_UW
000127c8   $FUN_CCses_InitSessionLayer_V
000127e4   $FUN_CCses_GetActiveSession_UB
000127ee   $FUN_CCses_LookForCmd_PST
000128aa   $FUN_CCses_InitChannel_V
000128c8   $FUN_CCses_RxSession_UB
00012a8e   $FUN_CCses_TxSession_UB
00012b88   $FUN_CCnvm_InitNvmHandler_V
00012c5e   $FUN_CCnvm_ScanNvmMemoryTable_UB
00012c90   $FUN_CCnvm_NvmAccess_UB
00012cd6   $FUN_CCnvm_NvmDirectWriteAccess_UB
00012cfc   $FUN_CCnvm_NvmDirectReadAccess_UB
00012d54   $FUN_CCsys_InitOperatingSystem_V
00012d70   $FUN_CCsys_OperatingSystem_V
00012e58   $FUN_CCsys_BufferRouter_V
00012e78   $FUN_CCsys_ResultEvaluation_UB
00012f08   $OCSPI_InitSync
00012f44   $OCSPI_DeInitSync
00012f52   $OCSPI_Busy
00012fb2   $OCSPI_ReadSync
00013052   $OCSPI_WriteSync
000130b4   $FUN_CCvalaudi_InitCalcCsumFlashDownload_UB
000130e2   $FUN_CCvalaudi_CalcCsumFlashDownload_UB
0001310e   $FUN_CCvalaudi_CalcCsumRamDownload_UB
00013158   $FUN_CCvalaudi_InitCalcCsumEepromDownload_UB
00013196   $FUN_CCvalaudi_CalcCsumEepromInternal_UB
00013258   _c_int00
000133d0   $FUN_CChal_InitHAL_V
000133fe   $FUN_CChal_DisGlobalInterrupt_V
00013408   $FUN_CChal_InitHardwareTimer_V
00013438   $FUN_CChal_GetHWTimerValue_UW
00013446   $FUN_CChal_StoreHwTimerValue_V
00013458   $FUN_CChal_SWReset_V
0001346c   $FUN_CChal_InitIntWatchdog_V
00013478   $FUN_CChal_DisableIntWatchdog_V
0001347a   $FUN_CChal_EnableIntWatchdog_V
00013486   $FUN_CChal_GetPerformanceCounter_UL
00013490   $FUN_CChal_GetPerfCntTicks_UL
00013498   $FUN_CChal_WaitTime_V
000134d8   $FUN_CChal_TimeoutStart_V
000134e4   $FUN_CChal_TimeoutOccured_B
0001354c   $FUN_CCeventaudi_EventInit_V
00013564   $FUN__CCeventaudi_ProjectInitIntern_V
0001358a   $FUN_CCeventaudi_SetProjectTimer_V
00013598   $FUN_CCeventaudi_EventProcessing_V
00013608   $FUN_CCeventaudi_EventHandler_B
0001364e   $FUN_CCeventaudi_ProjectTimer_V
000136c0   $FUN_BioEepBusy
000136d8   $FUN_BioEepInit
000136e8   $FUN_BioEepRead
0001373c   $FUN_BioEepWrite
00013820   $FUN_CCsrv_InitServiceHandler_V
00013828   $FUN_CCsrv_RxServiceHandler_UB
000138e0   $FUN_CCglo_InitCollectData_V
000138f0   $FUN_CCglo_GetIntermediateBufferNumbers_V
000138f6   $FUN_CCglo_CollectData_UB
00013990   $ASW_main
00013998   $main
00013a2c   U$MOD
00013a2c   U$DIV
00013ac4   $FUN_CCval_RamPatternTest_UB
00013b48   $FUN_CCcd_CheckDependAudi_UB
00013bcc   $FUN_CCapplint_JumpToFSW_V
00013be8   $FUN_CCapplint_CheckFlashRequest_UB
00013c0e   $FUN_CCapplint_ResetFlashRequest_V
00013c16   $FUN_CCapplint_SetResetRequest_V
00013c1e   $FUN_CCapplint_SetDefSessionRequ_V
00013c26   $FUN_CCapplint_SetFlashRequest_V
00013c48   $FUN_CCval_CRC32_UB
00013c88   $FUN_CCval_CRC32_onFly_UB
00013cb4   $FUN_CCval_QuickCheck_UB
00013d10   $FUN_CCwtdog_InitExtWatchdog_V
00013d3a   $FUN_CCwtdog_InitExtWatchdogIntern_V
00013d42   $FUN_CCwtdog_GetExtWatchdogState_UB
00013d4c   $FUN_CCwtdog_EnableExtWatchdog_V
00013d5c   $FUN_CCwtdog_DisableExtWatchdog_V
00013d6c   $FUN_CCsetup_InitAdlatus_V
00013dc0   $FUN_CCssi_InitSSI_V
00013dce   $FUN_CCssi_EepromHandler_UB
00013e10   $FUN_CCper_InitIOStartup_V
00013e32   $FUN_CCper_InitIOForAdlatus_V
00013e60   $FUN_CCtim_InitSWTimerHandler_V
00013e68   $FUN_CCtim_SystemTimerCheck_V
00013eac   $FUN_CCval_LinAdd8Acc16Bit_UB
00013ee8   $FUN_CCconsys_InitAllSystemBuffer_V
00013f14   $FUN_CCglo_PMemCopy_V
00013f32   $FUN_CCglo_AMemCopy_V
00013f50   $FUN_CCdp_DataPrepareAudi_UB
00013f6a   $FUN_CCval_CanMsgObjectTest_UB
00013f84   _main
00013f9c   IND$CALL
00013fb0   ___etext__
00013fb0   etext
000bfffc   _r_F_CHCKSUM2
00400000   ___bss__
00400000   _r_F_RAMSTART
00400000   .bss
00400000   edata
00400000   _t_CCkwpaudi_KwpCtrl_ST
00400000   ___edata__
00400000   ___data__
00400000   .data
00400058   _sECUDataAppl_ST
00400062   _g_CCkwpaudi_EepromDataLeftOver_UB
00400063   _g_buf_UB
004000a0   _gt_CCapplint_FlashRequest_UL
004000a0   _r_F_REQUEST
004000a0   ___end__
004000a0   end
004000a4   _g_RxWorkBuffer00_BUF
004001a4   _g_TxWorkBuffer00_BUF
0040022c   _g_RxBuffer00_BUF
0040032c   _g_TxBuffer00_BUF
004003b4   _g_RxMsgObj00_BUF
004003c0   _g_TxMsgObj00_BUF
004003cc   _g_CCdp_WorkingBuffer_BUF
004004cc   _CmdRuntimeInfo_AST
004004d4   _t_CC_CollectBuffer_BUF
004006d4   _t_DataPointer_UW
004006d6   _t_PagePointer_UW
004006d8   _t_DataInBuffer_UW
004006da   _wdStatus
004006dc   _t_CCcan_CanFifoBuffer_AUB
0040070c   _CanCtrl_ST
00400734   _c_CCconprj_CanMsgObjConfig_AST
0040077c   _c_CCconprj_SessionSelectionTable_APST
00400780   _c_CCconprj_SessionInitTable_APST
00400784   _CCVhnd_HndlCtrlInt_ST
004007ac   _CCVhnd_WorkingInfoInt_ST
004007c0   _CCVhnd_StartTime_UL
004007c4   _FlashParam
004007f4   _CCValAudi_WorkingInfoInt_ST
00400808   _CCValAudi_Eeprom_ST
0040081c   _t_FlashCheckState_UB
0040081d   _t_NVMResult_UB
00400820   _SesCtrl_ST
0040083c   _CCsys_SysCtrl_ST
00400858   _t_CCnvm_NvmCtrl_ST
00400860   _t_CCnvm_NvmRunTimeEntry_ST
0040086c   _t_CChal_HalCtrl_ST
00400880   _t_CCeventaudi_PrjCtrl_ST
00400888   _t_CCper_WatchdogCtrl_ST
00400890   _t_CCtime_TimerCtrl_ST
00400894   _t_ServiceHandlerCtrl_ST
00400898   _t_AdlatusInitState_UB
00400899   _t_InitCtrl_ST
00401c50   $FUN_CCwtdog_TriggerExtWatchdog_V
00401c50   _RAMWDT
00401cb4   $FUN_CCwtdog_TriggerWatchdogEraseMem_V
00401cf4   $FUN_CCwtdog_TriggerWatchdogProgMem_V
00401d38   $FUN_CCcan_TxDataFromRam_V
00402100   _g_BBSuperStack_UL
00402500   _StackUSER_
00402510   _StackFIQ_
004025e0   _StackIRQ_
004025e8   _StackABORT_
004025f0   _StackUND_
00402600   _StackSUPER_
00402800   $FUN_CChal_HardwareTimerCheck_UW
00402800   _RAMHAL
00402834   $FUN_CChal_TriggerIntWatchdog_V
00800000   _e_HETPROGRAM0_UN
ffe88000   _e_FLASHCTL0_ST
fff7d000   _e_SCC3_ST
fff7d200   _e_CAN3_MB
fff7d400   _e_SPI2_ST
fff7d500   _e_SPI3_ST
fff7d600   _e_SPI4_ST
fff7d700   _e_SPI5_ST
fff7e400   _e_CAN_MB
fff7e600   _e_CAN2_MB
fff7e800   _e_SCC_ST
fff7ea00   _e_SCC2_ST
fff7ec00   _e_GIO_ST
fff7f000   _e_ADC0_ST
fff7f800   _e_SPI1_ST
fff7fc00   _e_HET0_ST
fffffd00   _e_SARMMC_ST
fffffe00   _e_SARDEC_ST
ffffff00   _e_SARRTI_ST
ffffff20   _e_SARCIM_ST
ffffffd0   _e_SARSYS_ST
ffffffff   ___binit__
ffffffff   pinit
ffffffff   ___c_args__
ffffffff   binit
ffffffff   ___pinit__

[372 symbols]
